Thu 07 May 2026 21:31:21 INFO ██Server: 	ps
Thu 07 May 2026 21:31:21 INFO ██Dir: 	/mnt/sda/XT/MENTOR_Firstpaper/src

Thu 07 May 2026 21:31:21 INFO Start 0-th training!!
Thu 07 May 2026 21:31:21 INFO sports
The number of users: 35598
Average actions of users: 8.324540704533963
The number of items: 18357
Average actions of items: 16.142997221768262
The number of inters: 296337
The sparsity of the dataset: 99.95465195454304%
Thu 07 May 2026 21:31:21 INFO 
====Training====
sports
The number of users: 35598
Average actions of users: 6.13542895668296
The number of items: 18352
Average actions of items: 11.901100697471666
The number of inters: 218409
The sparsity of the dataset: 99.96656806366236%
Thu 07 May 2026 21:31:21 INFO 
====Validation====
sports
The number of users: 35598
Average actions of users: 1.0646384628349908
The number of items: 13342
Average actions of items: 2.840578623894469
The number of inters: 37899
The sparsity of the dataset: 99.99202039826986%
Thu 07 May 2026 21:31:21 INFO 
====Testing====
sports
The number of users: 35598
Average actions of users: 1.1244732850160122
The number of items: 13738
Average actions of items: 2.9137429028970736
The number of inters: 40029
The sparsity of the dataset: 99.99181486908563%
Thu 07 May 2026 21:31:24 INFO 

=================================


Thu 07 May 2026 21:31:24 INFO =========1/1: Parameters:['reg_weight', 'learning_rate', 'dropout', 'mask_weight_g', 'align_weight', 'temp', 'seed']=(0.001, 0.0001, 0.4, 0.001, 0.01, 0.3, 999)=======
Thu 07 May 2026 21:31:32 INFO PA2PD(
  (mlp): Linear(in_features=128, out_features=128, bias=True)
  (image_embedding): Embedding(18357, 4096)
  (image_trs): Linear(in_features=4096, out_features=64, bias=True)
  (text_embedding): Embedding(18357, 384)
  (text_trs): Linear(in_features=384, out_features=64, bias=True)
  (MLP_user): Linear(in_features=128, out_features=64, bias=True)
  (v_gcn): GCN(
    (MLP): Linear(in_features=4096, out_features=256, bias=True)
    (MLP_1): Linear(in_features=256, out_features=64, bias=True)
    (conv_embed_1): Base_gcn(64, 64)
  )
  (v_gcn_n1): GCN(
    (MLP): Linear(in_features=4096, out_features=256, bias=True)
    (MLP_1): Linear(in_features=256, out_features=64, bias=True)
    (conv_embed_1): Base_gcn(64, 64)
  )
  (v_gcn_n2): GCN(
    (MLP): Linear(in_features=4096, out_features=256, bias=True)
    (MLP_1): Linear(in_features=256, out_features=64, bias=True)
    (conv_embed_1): Base_gcn(64, 64)
  )
  (t_gcn): GCN(
    (MLP): Linear(in_features=384, out_features=256, bias=True)
    (MLP_1): Linear(in_features=256, out_features=64, bias=True)
    (conv_embed_1): Base_gcn(64, 64)
  )
  (t_gcn_n1): GCN(
    (MLP): Linear(in_features=384, out_features=256, bias=True)
    (MLP_1): Linear(in_features=256, out_features=64, bias=True)
    (conv_embed_1): Base_gcn(64, 64)
  )
  (t_gcn_n2): GCN(
    (MLP): Linear(in_features=384, out_features=256, bias=True)
    (MLP_1): Linear(in_features=256, out_features=64, bias=True)
    (conv_embed_1): Base_gcn(64, 64)
  )
  (id_gcn): GCN(
    (MLP): Linear(in_features=64, out_features=256, bias=True)
    (MLP_1): Linear(in_features=256, out_features=64, bias=True)
    (conv_embed_1): Base_gcn(64, 64)
  )
  (mlp_1): Linear(in_features=128, out_features=1, bias=True)
)
Trainable parameters: 103355719
Thu 07 May 2026 21:31:52 INFO epoch 0 training [time: 19.63s, train loss: 70.4269]
Thu 07 May 2026 21:31:58 INFO epoch 0 evaluating [time: 3.44s, valid_score: 0.032500]
Thu 07 May 2026 21:31:58 INFO valid result: 
recall@5: 0.0197    recall@10: 0.0325    recall@20: 0.0528    recall@50: 0.0940    ndcg@5: 0.0131    ndcg@10: 0.0172    ndcg@20: 0.0224    ndcg@50: 0.0306    precision@5: 0.0042    precision@10: 0.0035    precision@20: 0.0028    precision@50: 0.0020    map@5: 0.0107    map@10: 0.0124    map@20: 0.0138    map@50: 0.0151    
Thu 07 May 2026 21:31:58 INFO test result: 
recall@5: 0.0206    recall@10: 0.0344    recall@20: 0.0556    recall@50: 0.0969    ndcg@5: 0.0138    ndcg@10: 0.0184    ndcg@20: 0.0238    ndcg@50: 0.0322    precision@5: 0.0046    precision@10: 0.0039    precision@20: 0.0031    precision@50: 0.0022    map@5: 0.0111    map@10: 0.0129    map@20: 0.0144    map@50: 0.0157    
Thu 07 May 2026 21:31:58 INFO ██ PA2PD--Best validation results updated!!!
