Thu 07 May 2026 03:09:45 INFO ██Server: 	ps
Thu 07 May 2026 03:09:45 INFO ██Dir: 	/mnt/sda/XT/MENTOR_Firstpaper/src

Thu 07 May 2026 03:09:45 INFO Start 0-th training!!
Thu 07 May 2026 03:09:45 INFO baby
The number of users: 19445
Average actions of users: 8.269066598097197
The number of items: 7050
Average actions of items: 22.807375886524824
The number of inters: 160792
The sparsity of the dataset: 99.8827082752043%
Thu 07 May 2026 03:09:45 INFO 
====Training====
baby
The number of users: 19445
Average actions of users: 6.096734379017742
The number of items: 7047
Average actions of items: 16.82290336313325
The number of inters: 118551
The sparsity of the dataset: 99.9134846831415%
Thu 07 May 2026 03:09:45 INFO 
====Validation====
baby
The number of users: 19445
Average actions of users: 1.0572897917202366
The number of items: 5483
Average actions of items: 3.749589640707642
The number of inters: 20559
The sparsity of the dataset: 99.98071694707788%
Thu 07 May 2026 03:09:45 INFO 
====Testing====
baby
The number of users: 19445
Average actions of users: 1.1150424273592183
The number of items: 5549
Average actions of items: 3.907370697422959
The number of inters: 21682
The sparsity of the dataset: 99.97990552482683%
Thu 07 May 2026 03:09:46 INFO 

=================================


Thu 07 May 2026 03:09:46 INFO =========1/1: Parameters:['reg_weight', 'learning_rate', 'dropout', 'mask_weight_g', 'align_weight', 'temp', 'seed']=(0.001, 0.0001, 0.5, 0.001, 0.1, 0.2, 999)=======
Thu 07 May 2026 03:09:48 INFO PA2PD(
  (image_embedding): Embedding(7050, 4096)
  (text_embedding): Embedding(7050, 384)
  (v_gcn): GCN(
    (MLP): Linear(in_features=4096, out_features=256, bias=True)
    (MLP_1): Linear(in_features=256, out_features=64, bias=True)
    (conv_embed_1): Base_gcn(64, 64)
  )
  (v_gcn_n1): GCN(
    (MLP): Linear(in_features=4096, out_features=256, bias=True)
    (MLP_1): Linear(in_features=256, out_features=64, bias=True)
    (conv_embed_1): Base_gcn(64, 64)
  )
  (v_gcn_n2): GCN(
    (MLP): Linear(in_features=4096, out_features=256, bias=True)
    (MLP_1): Linear(in_features=256, out_features=64, bias=True)
    (conv_embed_1): Base_gcn(64, 64)
  )
  (t_gcn): GCN(
    (MLP): Linear(in_features=384, out_features=256, bias=True)
    (MLP_1): Linear(in_features=256, out_features=64, bias=True)
    (conv_embed_1): Base_gcn(64, 64)
  )
  (t_gcn_n1): GCN(
    (MLP): Linear(in_features=384, out_features=256, bias=True)
    (MLP_1): Linear(in_features=256, out_features=64, bias=True)
    (conv_embed_1): Base_gcn(64, 64)
  )
  (t_gcn_n2): GCN(
    (MLP): Linear(in_features=384, out_features=256, bias=True)
    (MLP_1): Linear(in_features=256, out_features=64, bias=True)
    (conv_embed_1): Base_gcn(64, 64)
  )
  (id_gcn): GCN(
    (MLP): Linear(in_features=64, out_features=256, bias=True)
    (MLP_1): Linear(in_features=256, out_features=64, bias=True)
    (conv_embed_1): Base_gcn(64, 64)
  )
  (our_mlp_1): Linear(in_features=128, out_features=1, bias=True)
)
Trainable parameters: 44359531
Thu 07 May 2026 03:09:51 INFO epoch 0 training [time: 3.15s, train loss: 64.5805]
Thu 07 May 2026 03:09:54 INFO epoch 0 evaluating [time: 1.38s, valid_score: 0.030500]
Thu 07 May 2026 03:09:54 INFO valid result: 
recall@5: 0.0196    recall@10: 0.0305    recall@20: 0.0482    recall@50: 0.0950    ndcg@5: 0.0130    ndcg@10: 0.0165    ndcg@20: 0.0210    ndcg@50: 0.0303    precision@5: 0.0041    precision@10: 0.0032    precision@20: 0.0025    precision@50: 0.0020    map@5: 0.0106    map@10: 0.0120    map@20: 0.0132    map@50: 0.0147    
Thu 07 May 2026 03:09:54 INFO test result: 
recall@5: 0.0194    recall@10: 0.0315    recall@20: 0.0511    recall@50: 0.0958    ndcg@5: 0.0126    ndcg@10: 0.0166    ndcg@20: 0.0217    ndcg@50: 0.0306    precision@5: 0.0043    precision@10: 0.0035    precision@20: 0.0028    precision@50: 0.0021    map@5: 0.0101    map@10: 0.0116    map@20: 0.0130    map@50: 0.0144    
Thu 07 May 2026 03:09:54 INFO ██ PA2PD--Best validation results updated!!!
Thu 07 May 2026 03:09:57 INFO epoch 1 training [time: 2.90s, train loss: 55.3009]
Thu 07 May 2026 03:09:59 INFO epoch 1 evaluating [time: 1.30s, valid_score: 0.034900]
Thu 07 May 2026 03:09:59 INFO valid result: 
recall@5: 0.0217    recall@10: 0.0349    recall@20: 0.0559    recall@50: 0.1019    ndcg@5: 0.0142    ndcg@10: 0.0185    ndcg@20: 0.0238    ndcg@50: 0.0329    precision@5: 0.0045    precision@10: 0.0037    precision@20: 0.0029    precision@50: 0.0021    map@5: 0.0116    map@10: 0.0133    map@20: 0.0147    map@50: 0.0161    
Thu 07 May 2026 03:09:59 INFO test result: 
recall@5: 0.0213    recall@10: 0.0358    recall@20: 0.0563    recall@50: 0.1045    ndcg@5: 0.0139    ndcg@10: 0.0187    ndcg@20: 0.0239    ndcg@50: 0.0336    precision@5: 0.0047    precision@10: 0.0040    precision@20: 0.0031    precision@50: 0.0023    map@5: 0.0111    map@10: 0.0130    map@20: 0.0144    map@50: 0.0159    
Thu 07 May 2026 03:09:59 INFO ██ PA2PD--Best validation results updated!!!
Thu 07 May 2026 03:10:02 INFO epoch 2 training [time: 2.86s, train loss: 49.2681]
Thu 07 May 2026 03:10:05 INFO epoch 2 evaluating [time: 1.29s, valid_score: 0.038200]
Thu 07 May 2026 03:10:05 INFO valid result: 
recall@5: 0.0246    recall@10: 0.0382    recall@20: 0.0607    recall@50: 0.1110    ndcg@5: 0.0159    ndcg@10: 0.0204    ndcg@20: 0.0261    ndcg@50: 0.0361    precision@5: 0.0051    precision@10: 0.0040    precision@20: 0.0032    precision@50: 0.0023    map@5: 0.0130    map@10: 0.0148    map@20: 0.0163    map@50: 0.0178    
Thu 07 May 2026 03:10:05 INFO test result: 
recall@5: 0.0241    recall@10: 0.0400    recall@20: 0.0629    recall@50: 0.1126    ndcg@5: 0.0161    ndcg@10: 0.0213    ndcg@20: 0.0271    ndcg@50: 0.0371    precision@5: 0.0053    precision@10: 0.0044    precision@20: 0.0035    precision@50: 0.0025    map@5: 0.0130    map@10: 0.0151    map@20: 0.0166    map@50: 0.0182    
Thu 07 May 2026 03:10:05 INFO ██ PA2PD--Best validation results updated!!!
Thu 07 May 2026 03:10:08 INFO epoch 3 training [time: 2.86s, train loss: 45.0415]
Thu 07 May 2026 03:10:10 INFO epoch 3 evaluating [time: 1.39s, valid_score: 0.042400]
Thu 07 May 2026 03:10:10 INFO valid result: 
recall@5: 0.0260    recall@10: 0.0424    recall@20: 0.0662    recall@50: 0.1216    ndcg@5: 0.0169    ndcg@10: 0.0223    ndcg@20: 0.0283    ndcg@50: 0.0393    precision@5: 0.0054    precision@10: 0.0044    precision@20: 0.0035    precision@50: 0.0026    map@5: 0.0138    map@10: 0.0160    map@20: 0.0176    map@50: 0.0193    
Thu 07 May 2026 03:10:10 INFO test result: 
recall@5: 0.0271    recall@10: 0.0435    recall@20: 0.0695    recall@50: 0.1227    ndcg@5: 0.0178    ndcg@10: 0.0232    ndcg@20: 0.0299    ndcg@50: 0.0405    precision@5: 0.0059    precision@10: 0.0048    precision@20: 0.0038    precision@50: 0.0027    map@5: 0.0144    map@10: 0.0165    map@20: 0.0183    map@50: 0.0199    
Thu 07 May 2026 03:10:10 INFO ██ PA2PD--Best validation results updated!!!
Thu 07 May 2026 03:10:13 INFO epoch 4 training [time: 2.87s, train loss: 42.0257]
Thu 07 May 2026 03:10:16 INFO epoch 4 evaluating [time: 1.33s, valid_score: 0.045200]
Thu 07 May 2026 03:10:16 INFO valid result: 
recall@5: 0.0272    recall@10: 0.0452    recall@20: 0.0713    recall@50: 0.1285    ndcg@5: 0.0179    ndcg@10: 0.0237    ndcg@20: 0.0303    ndcg@50: 0.0417    precision@5: 0.0057    precision@10: 0.0047    precision@20: 0.0037    precision@50: 0.0027    map@5: 0.0146    map@10: 0.0169    map@20: 0.0187    map@50: 0.0205    
Thu 07 May 2026 03:10:16 INFO test result: 
recall@5: 0.0293    recall@10: 0.0459    recall@20: 0.0732    recall@50: 0.1308    ndcg@5: 0.0194    ndcg@10: 0.0249    ndcg@20: 0.0318    ndcg@50: 0.0434    precision@5: 0.0064    precision@10: 0.0051    precision@20: 0.0040    precision@50: 0.0029    map@5: 0.0157    map@10: 0.0179    map@20: 0.0197    map@50: 0.0215    
Thu 07 May 2026 03:10:16 INFO ██ PA2PD--Best validation results updated!!!
Thu 07 May 2026 03:10:19 INFO epoch 5 training [time: 2.86s, train loss: 39.6837]
Thu 07 May 2026 03:10:21 INFO epoch 5 evaluating [time: 1.29s, valid_score: 0.047100]
Thu 07 May 2026 03:10:21 INFO valid result: 
recall@5: 0.0290    recall@10: 0.0471    recall@20: 0.0741    recall@50: 0.1340    ndcg@5: 0.0189    ndcg@10: 0.0247    ndcg@20: 0.0316    ndcg@50: 0.0435    precision@5: 0.0060    precision@10: 0.0049    precision@20: 0.0039    precision@50: 0.0028    map@5: 0.0154    map@10: 0.0177    map@20: 0.0195    map@50: 0.0214    
Thu 07 May 2026 03:10:21 INFO test result: 
recall@5: 0.0307    recall@10: 0.0480    recall@20: 0.0753    recall@50: 0.1344    ndcg@5: 0.0202    ndcg@10: 0.0259    ndcg@20: 0.0329    ndcg@50: 0.0448    precision@5: 0.0067    precision@10: 0.0053    precision@20: 0.0041    precision@50: 0.0030    map@5: 0.0163    map@10: 0.0185    map@20: 0.0204    map@50: 0.0223    
Thu 07 May 2026 03:10:21 INFO ██ PA2PD--Best validation results updated!!!
Thu 07 May 2026 03:10:24 INFO epoch 6 training [time: 2.88s, train loss: 37.6705]
Thu 07 May 2026 03:10:27 INFO epoch 6 evaluating [time: 1.30s, valid_score: 0.048500]
Thu 07 May 2026 03:10:27 INFO valid result: 
recall@5: 0.0304    recall@10: 0.0485    recall@20: 0.0767    recall@50: 0.1378    ndcg@5: 0.0198    ndcg@10: 0.0256    ndcg@20: 0.0328    ndcg@50: 0.0450    precision@5: 0.0063    precision@10: 0.0051    precision@20: 0.0040    precision@50: 0.0029    map@5: 0.0161    map@10: 0.0184    map@20: 0.0204    map@50: 0.0223    
Thu 07 May 2026 03:10:27 INFO test result: 
recall@5: 0.0316    recall@10: 0.0502    recall@20: 0.0778    recall@50: 0.1391    ndcg@5: 0.0209    ndcg@10: 0.0269    ndcg@20: 0.0340    ndcg@50: 0.0464    precision@5: 0.0069    precision@10: 0.0055    precision@20: 0.0043    precision@50: 0.0031    map@5: 0.0168    map@10: 0.0192    map@20: 0.0211    map@50: 0.0230    
Thu 07 May 2026 03:10:27 INFO ██ PA2PD--Best validation results updated!!!
Thu 07 May 2026 03:10:30 INFO epoch 7 training [time: 2.85s, train loss: 36.2347]
Thu 07 May 2026 03:10:32 INFO epoch 7 evaluating [time: 1.35s, valid_score: 0.049400]
Thu 07 May 2026 03:10:32 INFO valid result: 
recall@5: 0.0314    recall@10: 0.0494    recall@20: 0.0786    recall@50: 0.1421    ndcg@5: 0.0202    ndcg@10: 0.0260    ndcg@20: 0.0334    ndcg@50: 0.0461    precision@5: 0.0066    precision@10: 0.0052    precision@20: 0.0041    precision@50: 0.0030    map@5: 0.0163    map@10: 0.0187    map@20: 0.0207    map@50: 0.0226    
Thu 07 May 2026 03:10:32 INFO test result: 
recall@5: 0.0329    recall@10: 0.0503    recall@20: 0.0805    recall@50: 0.1432    ndcg@5: 0.0214    ndcg@10: 0.0271    ndcg@20: 0.0348    ndcg@50: 0.0475    precision@5: 0.0072    precision@10: 0.0055    precision@20: 0.0044    precision@50: 0.0032    map@5: 0.0171    map@10: 0.0193    map@20: 0.0214    map@50: 0.0234    
Thu 07 May 2026 03:10:32 INFO ██ PA2PD--Best validation results updated!!!
Thu 07 May 2026 03:10:35 INFO epoch 8 training [time: 2.89s, train loss: 34.8830]
Thu 07 May 2026 03:10:38 INFO epoch 8 evaluating [time: 1.31s, valid_score: 0.050500]
Thu 07 May 2026 03:10:38 INFO valid result: 
recall@5: 0.0314    recall@10: 0.0505    recall@20: 0.0818    recall@50: 0.1451    ndcg@5: 0.0204    ndcg@10: 0.0266    ndcg@20: 0.0345    ndcg@50: 0.0471    precision@5: 0.0066    precision@10: 0.0053    precision@20: 0.0043    precision@50: 0.0031    map@5: 0.0166    map@10: 0.0190    map@20: 0.0212    map@50: 0.0231    
Thu 07 May 2026 03:10:38 INFO test result: 
recall@5: 0.0338    recall@10: 0.0521    recall@20: 0.0816    recall@50: 0.1460    ndcg@5: 0.0219    ndcg@10: 0.0279    ndcg@20: 0.0355    ndcg@50: 0.0485    precision@5: 0.0074    precision@10: 0.0057    precision@20: 0.0045    precision@50: 0.0032    map@5: 0.0175    map@10: 0.0199    map@20: 0.0219    map@50: 0.0240    
Thu 07 May 2026 03:10:38 INFO ██ PA2PD--Best validation results updated!!!
Thu 07 May 2026 03:10:41 INFO epoch 9 training [time: 2.88s, train loss: 33.7683]
Thu 07 May 2026 03:10:43 INFO epoch 9 evaluating [time: 1.32s, valid_score: 0.050800]
Thu 07 May 2026 03:10:43 INFO valid result: 
recall@5: 0.0320    recall@10: 0.0508    recall@20: 0.0814    recall@50: 0.1453    ndcg@5: 0.0206    ndcg@10: 0.0266    ndcg@20: 0.0344    ndcg@50: 0.0472    precision@5: 0.0067    precision@10: 0.0053    precision@20: 0.0043    precision@50: 0.0031    map@5: 0.0166    map@10: 0.0190    map@20: 0.0211    map@50: 0.0231    
Thu 07 May 2026 03:10:43 INFO test result: 
recall@5: 0.0344    recall@10: 0.0538    recall@20: 0.0819    recall@50: 0.1477    ndcg@5: 0.0222    ndcg@10: 0.0286    ndcg@20: 0.0358    ndcg@50: 0.0491    precision@5: 0.0075    precision@10: 0.0059    precision@20: 0.0045    precision@50: 0.0033    map@5: 0.0176    map@10: 0.0202    map@20: 0.0221    map@50: 0.0242    
Thu 07 May 2026 03:10:43 INFO ██ PA2PD--Best validation results updated!!!
Thu 07 May 2026 03:10:46 INFO epoch 10 training [time: 2.86s, train loss: 32.7703]
Thu 07 May 2026 03:10:49 INFO epoch 10 evaluating [time: 1.41s, valid_score: 0.052300]
Thu 07 May 2026 03:10:49 INFO valid result: 
recall@5: 0.0320    recall@10: 0.0523    recall@20: 0.0835    recall@50: 0.1486    ndcg@5: 0.0208    ndcg@10: 0.0274    ndcg@20: 0.0353    ndcg@50: 0.0482    precision@5: 0.0067    precision@10: 0.0055    precision@20: 0.0044    precision@50: 0.0031    map@5: 0.0168    map@10: 0.0195    map@20: 0.0216    map@50: 0.0236    
Thu 07 May 2026 03:10:49 INFO test result: 
recall@5: 0.0346    recall@10: 0.0543    recall@20: 0.0843    recall@50: 0.1502    ndcg@5: 0.0224    ndcg@10: 0.0289    ndcg@20: 0.0366    ndcg@50: 0.0499    precision@5: 0.0076    precision@10: 0.0060    precision@20: 0.0046    precision@50: 0.0033    map@5: 0.0178    map@10: 0.0204    map@20: 0.0225    map@50: 0.0246    
Thu 07 May 2026 03:10:49 INFO ██ PA2PD--Best validation results updated!!!
Thu 07 May 2026 03:10:52 INFO epoch 11 training [time: 2.86s, train loss: 31.9613]
Thu 07 May 2026 03:10:55 INFO epoch 11 evaluating [time: 1.29s, valid_score: 0.052600]
Thu 07 May 2026 03:10:55 INFO valid result: 
recall@5: 0.0315    recall@10: 0.0526    recall@20: 0.0847    recall@50: 0.1505    ndcg@5: 0.0206    ndcg@10: 0.0274    ndcg@20: 0.0356    ndcg@50: 0.0487    precision@5: 0.0066    precision@10: 0.0055    precision@20: 0.0045    precision@50: 0.0032    map@5: 0.0167    map@10: 0.0195    map@20: 0.0217    map@50: 0.0238    
Thu 07 May 2026 03:10:55 INFO test result: 
recall@5: 0.0344    recall@10: 0.0564    recall@20: 0.0851    recall@50: 0.1518    ndcg@5: 0.0225    ndcg@10: 0.0297    ndcg@20: 0.0370    ndcg@50: 0.0505    precision@5: 0.0076    precision@10: 0.0062    precision@20: 0.0047    precision@50: 0.0034    map@5: 0.0179    map@10: 0.0208    map@20: 0.0228    map@50: 0.0249    
Thu 07 May 2026 03:10:55 INFO ██ PA2PD--Best validation results updated!!!
Thu 07 May 2026 03:10:57 INFO epoch 12 training [time: 2.88s, train loss: 31.2265]
Thu 07 May 2026 03:11:00 INFO epoch 12 evaluating [time: 1.30s, valid_score: 0.053800]
Thu 07 May 2026 03:11:00 INFO valid result: 
recall@5: 0.0326    recall@10: 0.0538    recall@20: 0.0857    recall@50: 0.1524    ndcg@5: 0.0212    ndcg@10: 0.0281    ndcg@20: 0.0362    ndcg@50: 0.0495    precision@5: 0.0068    precision@10: 0.0056    precision@20: 0.0045    precision@50: 0.0032    map@5: 0.0172    map@10: 0.0200    map@20: 0.0222    map@50: 0.0243    
Thu 07 May 2026 03:11:00 INFO test result: 
recall@5: 0.0355    recall@10: 0.0572    recall@20: 0.0871    recall@50: 0.1546    ndcg@5: 0.0230    ndcg@10: 0.0301    ndcg@20: 0.0378    ndcg@50: 0.0514    precision@5: 0.0078    precision@10: 0.0063    precision@20: 0.0048    precision@50: 0.0034    map@5: 0.0183    map@10: 0.0211    map@20: 0.0232    map@50: 0.0253    
Thu 07 May 2026 03:11:00 INFO ██ PA2PD--Best validation results updated!!!
Thu 07 May 2026 03:11:03 INFO epoch 13 training [time: 2.87s, train loss: 30.4829]
Thu 07 May 2026 03:11:06 INFO epoch 13 evaluating [time: 1.35s, valid_score: 0.055000]
Thu 07 May 2026 03:11:06 INFO valid result: 
recall@5: 0.0332    recall@10: 0.0550    recall@20: 0.0870    recall@50: 0.1540    ndcg@5: 0.0218    ndcg@10: 0.0289    ndcg@20: 0.0370    ndcg@50: 0.0503    precision@5: 0.0069    precision@10: 0.0058    precision@20: 0.0046    precision@50: 0.0033    map@5: 0.0178    map@10: 0.0206    map@20: 0.0228    map@50: 0.0249    
Thu 07 May 2026 03:11:06 INFO test result: 
recall@5: 0.0363    recall@10: 0.0571    recall@20: 0.0884    recall@50: 0.1552    ndcg@5: 0.0234    ndcg@10: 0.0302    ndcg@20: 0.0382    ndcg@50: 0.0517    precision@5: 0.0080    precision@10: 0.0063    precision@20: 0.0049    precision@50: 0.0034    map@5: 0.0186    map@10: 0.0213    map@20: 0.0234    map@50: 0.0255    
Thu 07 May 2026 03:11:06 INFO ██ PA2PD--Best validation results updated!!!
Thu 07 May 2026 03:11:08 INFO epoch 14 training [time: 2.89s, train loss: 29.8482]
Thu 07 May 2026 03:11:11 INFO epoch 14 evaluating [time: 1.31s, valid_score: 0.055600]
Thu 07 May 2026 03:11:11 INFO valid result: 
recall@5: 0.0335    recall@10: 0.0556    recall@20: 0.0886    recall@50: 0.1541    ndcg@5: 0.0218    ndcg@10: 0.0290    ndcg@20: 0.0374    ndcg@50: 0.0504    precision@5: 0.0070    precision@10: 0.0058    precision@20: 0.0047    precision@50: 0.0033    map@5: 0.0177    map@10: 0.0206    map@20: 0.0229    map@50: 0.0249    
Thu 07 May 2026 03:11:11 INFO test result: 
recall@5: 0.0360    recall@10: 0.0577    recall@20: 0.0895    recall@50: 0.1559    ndcg@5: 0.0234    ndcg@10: 0.0305    ndcg@20: 0.0387    ndcg@50: 0.0521    precision@5: 0.0079    precision@10: 0.0063    precision@20: 0.0049    precision@50: 0.0035    map@5: 0.0187    map@10: 0.0215    map@20: 0.0237    map@50: 0.0258    
Thu 07 May 2026 03:11:11 INFO ██ PA2PD--Best validation results updated!!!
Thu 07 May 2026 03:11:14 INFO epoch 15 training [time: 2.87s, train loss: 29.2512]
Thu 07 May 2026 03:11:17 INFO epoch 15 evaluating [time: 1.32s, valid_score: 0.056000]
Thu 07 May 2026 03:11:17 INFO valid result: 
recall@5: 0.0346    recall@10: 0.0560    recall@20: 0.0893    recall@50: 0.1552    ndcg@5: 0.0225    ndcg@10: 0.0294    ndcg@20: 0.0379    ndcg@50: 0.0510    precision@5: 0.0072    precision@10: 0.0059    precision@20: 0.0047    precision@50: 0.0033    map@5: 0.0183    map@10: 0.0211    map@20: 0.0233    map@50: 0.0254    
Thu 07 May 2026 03:11:17 INFO test result: 
recall@5: 0.0370    recall@10: 0.0583    recall@20: 0.0906    recall@50: 0.1578    ndcg@5: 0.0241    ndcg@10: 0.0310    ndcg@20: 0.0394    ndcg@50: 0.0529    precision@5: 0.0081    precision@10: 0.0064    precision@20: 0.0050    precision@50: 0.0035    map@5: 0.0193    map@10: 0.0220    map@20: 0.0242    map@50: 0.0264    
Thu 07 May 2026 03:11:17 INFO ██ PA2PD--Best validation results updated!!!
Thu 07 May 2026 03:11:20 INFO epoch 16 training [time: 2.90s, train loss: 28.6911]
Thu 07 May 2026 03:11:22 INFO epoch 16 evaluating [time: 1.33s, valid_score: 0.056400]
Thu 07 May 2026 03:11:22 INFO valid result: 
recall@5: 0.0345    recall@10: 0.0564    recall@20: 0.0889    recall@50: 0.1551    ndcg@5: 0.0226    ndcg@10: 0.0298    ndcg@20: 0.0380    ndcg@50: 0.0512    precision@5: 0.0072    precision@10: 0.0059    precision@20: 0.0047    precision@50: 0.0033    map@5: 0.0185    map@10: 0.0214    map@20: 0.0236    map@50: 0.0257    
Thu 07 May 2026 03:11:22 INFO test result: 
recall@5: 0.0369    recall@10: 0.0578    recall@20: 0.0907    recall@50: 0.1586    ndcg@5: 0.0241    ndcg@10: 0.0309    ndcg@20: 0.0394    ndcg@50: 0.0531    precision@5: 0.0081    precision@10: 0.0064    precision@20: 0.0050    precision@50: 0.0035    map@5: 0.0193    map@10: 0.0220    map@20: 0.0243    map@50: 0.0265    
Thu 07 May 2026 03:11:22 INFO ██ PA2PD--Best validation results updated!!!
Thu 07 May 2026 03:11:25 INFO epoch 17 training [time: 2.88s, train loss: 28.1863]
Thu 07 May 2026 03:11:28 INFO epoch 17 evaluating [time: 1.32s, valid_score: 0.057300]
Thu 07 May 2026 03:11:28 INFO valid result: 
recall@5: 0.0341    recall@10: 0.0573    recall@20: 0.0891    recall@50: 0.1566    ndcg@5: 0.0224    ndcg@10: 0.0300    ndcg@20: 0.0381    ndcg@50: 0.0515    precision@5: 0.0071    precision@10: 0.0060    precision@20: 0.0047    precision@50: 0.0033    map@5: 0.0184    map@10: 0.0215    map@20: 0.0236    map@50: 0.0257    
Thu 07 May 2026 03:11:28 INFO test result: 
recall@5: 0.0370    recall@10: 0.0581    recall@20: 0.0915    recall@50: 0.1592    ndcg@5: 0.0241    ndcg@10: 0.0310    ndcg@20: 0.0396    ndcg@50: 0.0533    precision@5: 0.0081    precision@10: 0.0064    precision@20: 0.0050    precision@50: 0.0035    map@5: 0.0192    map@10: 0.0220    map@20: 0.0243    map@50: 0.0264    
Thu 07 May 2026 03:11:28 INFO ██ PA2PD--Best validation results updated!!!
Thu 07 May 2026 03:11:31 INFO epoch 18 training [time: 2.89s, train loss: 27.7831]
Thu 07 May 2026 03:11:33 INFO epoch 18 evaluating [time: 1.33s, valid_score: 0.057800]
Thu 07 May 2026 03:11:33 INFO valid result: 
recall@5: 0.0343    recall@10: 0.0578    recall@20: 0.0889    recall@50: 0.1580    ndcg@5: 0.0227    ndcg@10: 0.0304    ndcg@20: 0.0383    ndcg@50: 0.0520    precision@5: 0.0072    precision@10: 0.0061    precision@20: 0.0047    precision@50: 0.0033    map@5: 0.0187    map@10: 0.0218    map@20: 0.0239    map@50: 0.0260    
Thu 07 May 2026 03:11:33 INFO test result: 
recall@5: 0.0369    recall@10: 0.0583    recall@20: 0.0921    recall@50: 0.1608    ndcg@5: 0.0243    ndcg@10: 0.0314    ndcg@20: 0.0400    ndcg@50: 0.0540    precision@5: 0.0081    precision@10: 0.0064    precision@20: 0.0051    precision@50: 0.0036    map@5: 0.0196    map@10: 0.0224    map@20: 0.0248    map@50: 0.0269    
Thu 07 May 2026 03:11:33 INFO ██ PA2PD--Best validation results updated!!!
Thu 07 May 2026 03:11:36 INFO epoch 19 training [time: 2.87s, train loss: 27.3886]
Thu 07 May 2026 03:11:39 INFO epoch 19 evaluating [time: 1.30s, valid_score: 0.057900]
Thu 07 May 2026 03:11:39 INFO valid result: 
recall@5: 0.0350    recall@10: 0.0579    recall@20: 0.0891    recall@50: 0.1588    ndcg@5: 0.0230    ndcg@10: 0.0304    ndcg@20: 0.0383    ndcg@50: 0.0522    precision@5: 0.0073    precision@10: 0.0061    precision@20: 0.0047    precision@50: 0.0034    map@5: 0.0188    map@10: 0.0217    map@20: 0.0239    map@50: 0.0260    
Thu 07 May 2026 03:11:39 INFO test result: 
recall@5: 0.0372    recall@10: 0.0591    recall@20: 0.0924    recall@50: 0.1613    ndcg@5: 0.0245    ndcg@10: 0.0317    ndcg@20: 0.0402    ndcg@50: 0.0542    precision@5: 0.0081    precision@10: 0.0065    precision@20: 0.0051    precision@50: 0.0036    map@5: 0.0197    map@10: 0.0226    map@20: 0.0248    map@50: 0.0270    
Thu 07 May 2026 03:11:39 INFO ██ PA2PD--Best validation results updated!!!
Thu 07 May 2026 03:11:42 INFO epoch 20 training [time: 2.90s, train loss: 26.9289]
Thu 07 May 2026 03:11:44 INFO epoch 20 evaluating [time: 1.33s, valid_score: 0.058200]
Thu 07 May 2026 03:11:44 INFO valid result: 
recall@5: 0.0349    recall@10: 0.0582    recall@20: 0.0899    recall@50: 0.1604    ndcg@5: 0.0231    ndcg@10: 0.0306    ndcg@20: 0.0386    ndcg@50: 0.0527    precision@5: 0.0073    precision@10: 0.0061    precision@20: 0.0047    precision@50: 0.0034    map@5: 0.0189    map@10: 0.0219    map@20: 0.0241    map@50: 0.0263    
Thu 07 May 2026 03:11:44 INFO test result: 
recall@5: 0.0376    recall@10: 0.0590    recall@20: 0.0928    recall@50: 0.1622    ndcg@5: 0.0246    ndcg@10: 0.0316    ndcg@20: 0.0403    ndcg@50: 0.0543    precision@5: 0.0082    precision@10: 0.0065    precision@20: 0.0051    precision@50: 0.0036    map@5: 0.0197    map@10: 0.0225    map@20: 0.0248    map@50: 0.0270    
Thu 07 May 2026 03:11:44 INFO ██ PA2PD--Best validation results updated!!!
Thu 07 May 2026 03:11:47 INFO epoch 21 training [time: 2.89s, train loss: 26.6381]
Thu 07 May 2026 03:11:50 INFO epoch 21 evaluating [time: 1.29s, valid_score: 0.057300]
Thu 07 May 2026 03:11:50 INFO valid result: 
recall@5: 0.0350    recall@10: 0.0573    recall@20: 0.0906    recall@50: 0.1593    ndcg@5: 0.0230    ndcg@10: 0.0302    ndcg@20: 0.0387    ndcg@50: 0.0524    precision@5: 0.0073    precision@10: 0.0060    precision@20: 0.0048    precision@50: 0.0034    map@5: 0.0188    map@10: 0.0217    map@20: 0.0240    map@50: 0.0262    
Thu 07 May 2026 03:11:50 INFO test result: 
recall@5: 0.0378    recall@10: 0.0594    recall@20: 0.0942    recall@50: 0.1622    ndcg@5: 0.0247    ndcg@10: 0.0317    ndcg@20: 0.0406    ndcg@50: 0.0544    precision@5: 0.0083    precision@10: 0.0065    precision@20: 0.0052    precision@50: 0.0036    map@5: 0.0198    map@10: 0.0226    map@20: 0.0250    map@50: 0.0271    
Thu 07 May 2026 03:11:53 INFO epoch 22 training [time: 2.86s, train loss: 26.1896]
Thu 07 May 2026 03:11:55 INFO epoch 22 evaluating [time: 1.33s, valid_score: 0.057400]
Thu 07 May 2026 03:11:55 INFO valid result: 
recall@5: 0.0356    recall@10: 0.0574    recall@20: 0.0909    recall@50: 0.1608    ndcg@5: 0.0235    ndcg@10: 0.0306    ndcg@20: 0.0391    ndcg@50: 0.0530    precision@5: 0.0074    precision@10: 0.0060    precision@20: 0.0048    precision@50: 0.0034    map@5: 0.0193    map@10: 0.0221    map@20: 0.0244    map@50: 0.0266    
Thu 07 May 2026 03:11:55 INFO test result: 
recall@5: 0.0368    recall@10: 0.0596    recall@20: 0.0943    recall@50: 0.1623    ndcg@5: 0.0244    ndcg@10: 0.0320    ndcg@20: 0.0408    ndcg@50: 0.0547    precision@5: 0.0080    precision@10: 0.0066    precision@20: 0.0052    precision@50: 0.0036    map@5: 0.0198    map@10: 0.0228    map@20: 0.0252    map@50: 0.0274    
Thu 07 May 2026 03:11:58 INFO epoch 23 training [time: 2.87s, train loss: 25.7902]
Thu 07 May 2026 03:12:01 INFO epoch 23 evaluating [time: 1.36s, valid_score: 0.058100]
Thu 07 May 2026 03:12:01 INFO valid result: 
recall@5: 0.0360    recall@10: 0.0581    recall@20: 0.0912    recall@50: 0.1620    ndcg@5: 0.0236    ndcg@10: 0.0308    ndcg@20: 0.0392    ndcg@50: 0.0533    precision@5: 0.0075    precision@10: 0.0061    precision@20: 0.0048    precision@50: 0.0034    map@5: 0.0193    map@10: 0.0222    map@20: 0.0244    map@50: 0.0266    
Thu 07 May 2026 03:12:01 INFO test result: 
recall@5: 0.0375    recall@10: 0.0602    recall@20: 0.0944    recall@50: 0.1639    ndcg@5: 0.0247    ndcg@10: 0.0322    ndcg@20: 0.0409    ndcg@50: 0.0551    precision@5: 0.0082    precision@10: 0.0066    precision@20: 0.0052    precision@50: 0.0036    map@5: 0.0199    map@10: 0.0229    map@20: 0.0253    map@50: 0.0275    
Thu 07 May 2026 03:12:04 INFO epoch 24 training [time: 2.91s, train loss: 25.4845]
Thu 07 May 2026 03:12:06 INFO epoch 24 evaluating [time: 1.30s, valid_score: 0.059000]
Thu 07 May 2026 03:12:06 INFO valid result: 
recall@5: 0.0358    recall@10: 0.0590    recall@20: 0.0910    recall@50: 0.1624    ndcg@5: 0.0235    ndcg@10: 0.0310    ndcg@20: 0.0392    ndcg@50: 0.0534    precision@5: 0.0075    precision@10: 0.0062    precision@20: 0.0048    precision@50: 0.0034    map@5: 0.0191    map@10: 0.0222    map@20: 0.0244    map@50: 0.0266    
Thu 07 May 2026 03:12:06 INFO test result: 
recall@5: 0.0384    recall@10: 0.0597    recall@20: 0.0949    recall@50: 0.1653    ndcg@5: 0.0251    ndcg@10: 0.0321    ndcg@20: 0.0411    ndcg@50: 0.0554    precision@5: 0.0084    precision@10: 0.0066    precision@20: 0.0052    precision@50: 0.0037    map@5: 0.0201    map@10: 0.0230    map@20: 0.0254    map@50: 0.0276    
Thu 07 May 2026 03:12:06 INFO ██ PA2PD--Best validation results updated!!!
Thu 07 May 2026 03:12:09 INFO epoch 25 training [time: 2.87s, train loss: 25.1577]
Thu 07 May 2026 03:12:12 INFO epoch 25 evaluating [time: 1.31s, valid_score: 0.058800]
Thu 07 May 2026 03:12:12 INFO valid result: 
recall@5: 0.0363    recall@10: 0.0588    recall@20: 0.0916    recall@50: 0.1626    ndcg@5: 0.0239    ndcg@10: 0.0312    ndcg@20: 0.0395    ndcg@50: 0.0537    precision@5: 0.0076    precision@10: 0.0062    precision@20: 0.0048    precision@50: 0.0034    map@5: 0.0195    map@10: 0.0225    map@20: 0.0247    map@50: 0.0270    
Thu 07 May 2026 03:12:12 INFO test result: 
recall@5: 0.0383    recall@10: 0.0607    recall@20: 0.0967    recall@50: 0.1662    ndcg@5: 0.0250    ndcg@10: 0.0323    ndcg@20: 0.0415    ndcg@50: 0.0556    precision@5: 0.0084    precision@10: 0.0067    precision@20: 0.0053    precision@50: 0.0037    map@5: 0.0200    map@10: 0.0229    map@20: 0.0254    map@50: 0.0276    
Thu 07 May 2026 03:12:15 INFO epoch 26 training [time: 2.89s, train loss: 24.8595]
Thu 07 May 2026 03:12:17 INFO epoch 26 evaluating [time: 1.31s, valid_score: 0.058500]
Thu 07 May 2026 03:12:17 INFO valid result: 
recall@5: 0.0354    recall@10: 0.0585    recall@20: 0.0924    recall@50: 0.1634    ndcg@5: 0.0235    ndcg@10: 0.0310    ndcg@20: 0.0396    ndcg@50: 0.0538    precision@5: 0.0074    precision@10: 0.0062    precision@20: 0.0049    precision@50: 0.0035    map@5: 0.0193    map@10: 0.0223    map@20: 0.0246    map@50: 0.0269    
Thu 07 May 2026 03:12:17 INFO test result: 
recall@5: 0.0384    recall@10: 0.0609    recall@20: 0.0971    recall@50: 0.1666    ndcg@5: 0.0251    ndcg@10: 0.0325    ndcg@20: 0.0418    ndcg@50: 0.0558    precision@5: 0.0084    precision@10: 0.0067    precision@20: 0.0053    precision@50: 0.0037    map@5: 0.0202    map@10: 0.0231    map@20: 0.0256    map@50: 0.0278    
Thu 07 May 2026 03:12:20 INFO epoch 27 training [time: 2.90s, train loss: 24.5751]
Thu 07 May 2026 03:12:23 INFO epoch 27 evaluating [time: 1.32s, valid_score: 0.059200]
Thu 07 May 2026 03:12:23 INFO valid result: 
recall@5: 0.0359    recall@10: 0.0592    recall@20: 0.0925    recall@50: 0.1627    ndcg@5: 0.0240    ndcg@10: 0.0316    ndcg@20: 0.0400    ndcg@50: 0.0541    precision@5: 0.0075    precision@10: 0.0062    precision@20: 0.0049    precision@50: 0.0034    map@5: 0.0199    map@10: 0.0229    map@20: 0.0252    map@50: 0.0274    
Thu 07 May 2026 03:12:23 INFO test result: 
recall@5: 0.0385    recall@10: 0.0607    recall@20: 0.0972    recall@50: 0.1662    ndcg@5: 0.0251    ndcg@10: 0.0324    ndcg@20: 0.0418    ndcg@50: 0.0558    precision@5: 0.0084    precision@10: 0.0066    precision@20: 0.0054    precision@50: 0.0037    map@5: 0.0201    map@10: 0.0230    map@20: 0.0255    map@50: 0.0277    
Thu 07 May 2026 03:12:23 INFO ██ PA2PD--Best validation results updated!!!
Thu 07 May 2026 03:12:26 INFO epoch 28 training [time: 2.90s, train loss: 24.3441]
Thu 07 May 2026 03:12:29 INFO epoch 28 evaluating [time: 1.31s, valid_score: 0.059900]
Thu 07 May 2026 03:12:29 INFO valid result: 
recall@5: 0.0362    recall@10: 0.0599    recall@20: 0.0933    recall@50: 0.1636    ndcg@5: 0.0242    ndcg@10: 0.0318    ndcg@20: 0.0402    ndcg@50: 0.0543    precision@5: 0.0076    precision@10: 0.0063    precision@20: 0.0049    precision@50: 0.0035    map@5: 0.0199    map@10: 0.0230    map@20: 0.0252    map@50: 0.0274    
Thu 07 May 2026 03:12:29 INFO test result: 
recall@5: 0.0385    recall@10: 0.0611    recall@20: 0.0980    recall@50: 0.1674    ndcg@5: 0.0254    ndcg@10: 0.0328    ndcg@20: 0.0423    ndcg@50: 0.0563    precision@5: 0.0084    precision@10: 0.0067    precision@20: 0.0054    precision@50: 0.0037    map@5: 0.0204    map@10: 0.0234    map@20: 0.0260    map@50: 0.0282    
Thu 07 May 2026 03:12:29 INFO ██ PA2PD--Best validation results updated!!!
Thu 07 May 2026 03:12:31 INFO epoch 29 training [time: 2.89s, train loss: 24.0499]
Thu 07 May 2026 03:12:34 INFO epoch 29 evaluating [time: 1.33s, valid_score: 0.059400]
Thu 07 May 2026 03:12:34 INFO valid result: 
recall@5: 0.0361    recall@10: 0.0594    recall@20: 0.0933    recall@50: 0.1641    ndcg@5: 0.0241    ndcg@10: 0.0316    ndcg@20: 0.0403    ndcg@50: 0.0544    precision@5: 0.0076    precision@10: 0.0062    precision@20: 0.0049    precision@50: 0.0035    map@5: 0.0199    map@10: 0.0229    map@20: 0.0252    map@50: 0.0275    
Thu 07 May 2026 03:12:34 INFO test result: 
recall@5: 0.0389    recall@10: 0.0613    recall@20: 0.0985    recall@50: 0.1683    ndcg@5: 0.0255    ndcg@10: 0.0328    ndcg@20: 0.0424    ndcg@50: 0.0565    precision@5: 0.0085    precision@10: 0.0067    precision@20: 0.0054    precision@50: 0.0037    map@5: 0.0205    map@10: 0.0234    map@20: 0.0260    map@50: 0.0282    
Thu 07 May 2026 03:12:37 INFO epoch 30 training [time: 2.88s, train loss: 23.8227]
Thu 07 May 2026 03:12:40 INFO epoch 30 evaluating [time: 1.31s, valid_score: 0.059400]
Thu 07 May 2026 03:12:40 INFO valid result: 
recall@5: 0.0359    recall@10: 0.0594    recall@20: 0.0942    recall@50: 0.1650    ndcg@5: 0.0241    ndcg@10: 0.0317    ndcg@20: 0.0405    ndcg@50: 0.0547    precision@5: 0.0075    precision@10: 0.0062    precision@20: 0.0050    precision@50: 0.0035    map@5: 0.0199    map@10: 0.0230    map@20: 0.0254    map@50: 0.0276    
Thu 07 May 2026 03:12:40 INFO test result: 
recall@5: 0.0390    recall@10: 0.0615    recall@20: 0.0987    recall@50: 0.1699    ndcg@5: 0.0256    ndcg@10: 0.0329    ndcg@20: 0.0425    ndcg@50: 0.0569    precision@5: 0.0085    precision@10: 0.0067    precision@20: 0.0054    precision@50: 0.0038    map@5: 0.0205    map@10: 0.0235    map@20: 0.0260    map@50: 0.0283    
Thu 07 May 2026 03:12:42 INFO epoch 31 training [time: 2.89s, train loss: 23.5246]
Thu 07 May 2026 03:12:45 INFO epoch 31 evaluating [time: 1.34s, valid_score: 0.060500]
Thu 07 May 2026 03:12:45 INFO valid result: 
recall@5: 0.0363    recall@10: 0.0605    recall@20: 0.0941    recall@50: 0.1659    ndcg@5: 0.0242    ndcg@10: 0.0321    ndcg@20: 0.0406    ndcg@50: 0.0549    precision@5: 0.0076    precision@10: 0.0063    precision@20: 0.0050    precision@50: 0.0035    map@5: 0.0200    map@10: 0.0231    map@20: 0.0254    map@50: 0.0277    
Thu 07 May 2026 03:12:45 INFO test result: 
recall@5: 0.0388    recall@10: 0.0623    recall@20: 0.0996    recall@50: 0.1691    ndcg@5: 0.0254    ndcg@10: 0.0331    ndcg@20: 0.0427    ndcg@50: 0.0567    precision@5: 0.0084    precision@10: 0.0068    precision@20: 0.0055    precision@50: 0.0038    map@5: 0.0204    map@10: 0.0235    map@20: 0.0260    map@50: 0.0282    
Thu 07 May 2026 03:12:45 INFO ██ PA2PD--Best validation results updated!!!
Thu 07 May 2026 03:12:48 INFO epoch 32 training [time: 2.90s, train loss: 23.3369]
Thu 07 May 2026 03:12:51 INFO epoch 32 evaluating [time: 1.31s, valid_score: 0.060100]
Thu 07 May 2026 03:12:51 INFO valid result: 
recall@5: 0.0366    recall@10: 0.0601    recall@20: 0.0955    recall@50: 0.1657    ndcg@5: 0.0241    ndcg@10: 0.0317    ndcg@20: 0.0407    ndcg@50: 0.0547    precision@5: 0.0077    precision@10: 0.0063    precision@20: 0.0050    precision@50: 0.0035    map@5: 0.0197    map@10: 0.0228    map@20: 0.0252    map@50: 0.0274    
Thu 07 May 2026 03:12:51 INFO test result: 
recall@5: 0.0390    recall@10: 0.0620    recall@20: 0.0995    recall@50: 0.1697    ndcg@5: 0.0253    ndcg@10: 0.0328    ndcg@20: 0.0424    ndcg@50: 0.0566    precision@5: 0.0085    precision@10: 0.0068    precision@20: 0.0055    precision@50: 0.0038    map@5: 0.0201    map@10: 0.0232    map@20: 0.0257    map@50: 0.0279    
Thu 07 May 2026 03:12:54 INFO epoch 33 training [time: 2.88s, train loss: 23.0866]
Thu 07 May 2026 03:12:56 INFO epoch 33 evaluating [time: 1.33s, valid_score: 0.060700]
Thu 07 May 2026 03:12:56 INFO valid result: 
recall@5: 0.0372    recall@10: 0.0607    recall@20: 0.0955    recall@50: 0.1654    ndcg@5: 0.0245    ndcg@10: 0.0321    ndcg@20: 0.0410    ndcg@50: 0.0549    precision@5: 0.0078    precision@10: 0.0064    precision@20: 0.0050    precision@50: 0.0035    map@5: 0.0200    map@10: 0.0231    map@20: 0.0255    map@50: 0.0277    
Thu 07 May 2026 03:12:56 INFO test result: 
recall@5: 0.0396    recall@10: 0.0630    recall@20: 0.0990    recall@50: 0.1703    ndcg@5: 0.0257    ndcg@10: 0.0334    ndcg@20: 0.0426    ndcg@50: 0.0570    precision@5: 0.0086    precision@10: 0.0069    precision@20: 0.0055    precision@50: 0.0038    map@5: 0.0205    map@10: 0.0236    map@20: 0.0261    map@50: 0.0283    
Thu 07 May 2026 03:12:56 INFO ██ PA2PD--Best validation results updated!!!
Thu 07 May 2026 03:12:59 INFO epoch 34 training [time: 2.89s, train loss: 22.8599]
Thu 07 May 2026 03:13:02 INFO epoch 34 evaluating [time: 1.33s, valid_score: 0.060800]
Thu 07 May 2026 03:13:02 INFO valid result: 
recall@5: 0.0370    recall@10: 0.0608    recall@20: 0.0957    recall@50: 0.1659    ndcg@5: 0.0247    ndcg@10: 0.0324    ndcg@20: 0.0413    ndcg@50: 0.0553    precision@5: 0.0078    precision@10: 0.0064    precision@20: 0.0050    precision@50: 0.0035    map@5: 0.0204    map@10: 0.0235    map@20: 0.0258    map@50: 0.0281    
Thu 07 May 2026 03:13:02 INFO test result: 
recall@5: 0.0395    recall@10: 0.0631    recall@20: 0.0991    recall@50: 0.1702    ndcg@5: 0.0256    ndcg@10: 0.0333    ndcg@20: 0.0426    ndcg@50: 0.0570    precision@5: 0.0086    precision@10: 0.0069    precision@20: 0.0054    precision@50: 0.0038    map@5: 0.0204    map@10: 0.0235    map@20: 0.0260    map@50: 0.0283    
Thu 07 May 2026 03:13:02 INFO ██ PA2PD--Best validation results updated!!!
Thu 07 May 2026 03:13:05 INFO epoch 35 training [time: 2.87s, train loss: 22.5801]
Thu 07 May 2026 03:13:07 INFO epoch 35 evaluating [time: 1.33s, valid_score: 0.060200]
Thu 07 May 2026 03:13:07 INFO valid result: 
recall@5: 0.0368    recall@10: 0.0602    recall@20: 0.0961    recall@50: 0.1657    ndcg@5: 0.0246    ndcg@10: 0.0322    ndcg@20: 0.0413    ndcg@50: 0.0552    precision@5: 0.0077    precision@10: 0.0063    precision@20: 0.0051    precision@50: 0.0035    map@5: 0.0204    map@10: 0.0234    map@20: 0.0258    map@50: 0.0280    
Thu 07 May 2026 03:13:07 INFO test result: 
recall@5: 0.0392    recall@10: 0.0634    recall@20: 0.0992    recall@50: 0.1699    ndcg@5: 0.0259    ndcg@10: 0.0338    ndcg@20: 0.0430    ndcg@50: 0.0573    precision@5: 0.0085    precision@10: 0.0070    precision@20: 0.0055    precision@50: 0.0038    map@5: 0.0209    map@10: 0.0240    map@20: 0.0265    map@50: 0.0288    
Thu 07 May 2026 03:13:10 INFO epoch 36 training [time: 2.88s, train loss: 22.4295]
Thu 07 May 2026 03:13:13 INFO epoch 36 evaluating [time: 1.35s, valid_score: 0.061300]
Thu 07 May 2026 03:13:13 INFO valid result: 
recall@5: 0.0371    recall@10: 0.0613    recall@20: 0.0969    recall@50: 0.1663    ndcg@5: 0.0247    ndcg@10: 0.0325    ndcg@20: 0.0416    ndcg@50: 0.0554    precision@5: 0.0078    precision@10: 0.0064    precision@20: 0.0051    precision@50: 0.0035    map@5: 0.0203    map@10: 0.0235    map@20: 0.0259    map@50: 0.0281    
Thu 07 May 2026 03:13:13 INFO test result: 
recall@5: 0.0398    recall@10: 0.0637    recall@20: 0.1003    recall@50: 0.1712    ndcg@5: 0.0261    ndcg@10: 0.0339    ndcg@20: 0.0433    ndcg@50: 0.0576    precision@5: 0.0087    precision@10: 0.0070    precision@20: 0.0055    precision@50: 0.0038    map@5: 0.0209    map@10: 0.0241    map@20: 0.0266    map@50: 0.0288    
Thu 07 May 2026 03:13:13 INFO ██ PA2PD--Best validation results updated!!!
Thu 07 May 2026 03:13:16 INFO epoch 37 training [time: 2.88s, train loss: 22.1895]
Thu 07 May 2026 03:13:19 INFO epoch 37 evaluating [time: 1.34s, valid_score: 0.061500]
Thu 07 May 2026 03:13:19 INFO valid result: 
recall@5: 0.0375    recall@10: 0.0615    recall@20: 0.0965    recall@50: 0.1678    ndcg@5: 0.0248    ndcg@10: 0.0326    ndcg@20: 0.0414    ndcg@50: 0.0556    precision@5: 0.0079    precision@10: 0.0065    precision@20: 0.0051    precision@50: 0.0035    map@5: 0.0203    map@10: 0.0235    map@20: 0.0258    map@50: 0.0281    
Thu 07 May 2026 03:13:19 INFO test result: 
recall@5: 0.0404    recall@10: 0.0641    recall@20: 0.1004    recall@50: 0.1714    ndcg@5: 0.0264    ndcg@10: 0.0341    ndcg@20: 0.0434    ndcg@50: 0.0578    precision@5: 0.0088    precision@10: 0.0070    precision@20: 0.0055    precision@50: 0.0038    map@5: 0.0212    map@10: 0.0242    map@20: 0.0267    map@50: 0.0290    
Thu 07 May 2026 03:13:19 INFO ██ PA2PD--Best validation results updated!!!
Thu 07 May 2026 03:13:21 INFO epoch 38 training [time: 2.87s, train loss: 21.9267]
Thu 07 May 2026 03:13:24 INFO epoch 38 evaluating [time: 1.46s, valid_score: 0.061700]
Thu 07 May 2026 03:13:24 INFO valid result: 
recall@5: 0.0374    recall@10: 0.0617    recall@20: 0.0959    recall@50: 0.1686    ndcg@5: 0.0246    ndcg@10: 0.0325    ndcg@20: 0.0412    ndcg@50: 0.0557    precision@5: 0.0079    precision@10: 0.0065    precision@20: 0.0051    precision@50: 0.0036    map@5: 0.0201    map@10: 0.0233    map@20: 0.0256    map@50: 0.0279    
Thu 07 May 2026 03:13:24 INFO test result: 
recall@5: 0.0395    recall@10: 0.0642    recall@20: 0.1008    recall@50: 0.1719    ndcg@5: 0.0259    ndcg@10: 0.0340    ndcg@20: 0.0433    ndcg@50: 0.0577    precision@5: 0.0086    precision@10: 0.0070    precision@20: 0.0055    precision@50: 0.0038    map@5: 0.0208    map@10: 0.0240    map@20: 0.0265    map@50: 0.0288    
Thu 07 May 2026 03:13:24 INFO ██ PA2PD--Best validation results updated!!!
Thu 07 May 2026 03:13:27 INFO epoch 39 training [time: 2.88s, train loss: 21.7729]
Thu 07 May 2026 03:13:30 INFO epoch 39 evaluating [time: 1.30s, valid_score: 0.062100]
Thu 07 May 2026 03:13:30 INFO valid result: 
recall@5: 0.0369    recall@10: 0.0621    recall@20: 0.0960    recall@50: 0.1678    ndcg@5: 0.0247    ndcg@10: 0.0328    ndcg@20: 0.0414    ndcg@50: 0.0558    precision@5: 0.0077    precision@10: 0.0065    precision@20: 0.0051    precision@50: 0.0035    map@5: 0.0204    map@10: 0.0237    map@20: 0.0259    map@50: 0.0282    
Thu 07 May 2026 03:13:30 INFO test result: 
recall@5: 0.0396    recall@10: 0.0640    recall@20: 0.1001    recall@50: 0.1725    ndcg@5: 0.0260    ndcg@10: 0.0341    ndcg@20: 0.0433    ndcg@50: 0.0579    precision@5: 0.0086    precision@10: 0.0070    precision@20: 0.0055    precision@50: 0.0038    map@5: 0.0210    map@10: 0.0242    map@20: 0.0267    map@50: 0.0290    
Thu 07 May 2026 03:13:30 INFO ██ PA2PD--Best validation results updated!!!
Thu 07 May 2026 03:13:33 INFO epoch 40 training [time: 2.87s, train loss: 21.5734]
Thu 07 May 2026 03:13:35 INFO epoch 40 evaluating [time: 1.34s, valid_score: 0.062200]
Thu 07 May 2026 03:13:35 INFO valid result: 
recall@5: 0.0374    recall@10: 0.0622    recall@20: 0.0973    recall@50: 0.1671    ndcg@5: 0.0248    ndcg@10: 0.0328    ndcg@20: 0.0417    ndcg@50: 0.0557    precision@5: 0.0079    precision@10: 0.0065    precision@20: 0.0051    precision@50: 0.0035    map@5: 0.0204    map@10: 0.0236    map@20: 0.0260    map@50: 0.0282    
Thu 07 May 2026 03:13:35 INFO test result: 
recall@5: 0.0403    recall@10: 0.0643    recall@20: 0.1004    recall@50: 0.1715    ndcg@5: 0.0264    ndcg@10: 0.0343    ndcg@20: 0.0435    ndcg@50: 0.0579    precision@5: 0.0088    precision@10: 0.0071    precision@20: 0.0055    precision@50: 0.0038    map@5: 0.0212    map@10: 0.0244    map@20: 0.0269    map@50: 0.0291    
Thu 07 May 2026 03:13:35 INFO ██ PA2PD--Best validation results updated!!!
Thu 07 May 2026 03:13:38 INFO epoch 41 training [time: 2.90s, train loss: 21.3318]
Thu 07 May 2026 03:13:41 INFO epoch 41 evaluating [time: 1.36s, valid_score: 0.061700]
Thu 07 May 2026 03:13:41 INFO valid result: 
recall@5: 0.0372    recall@10: 0.0617    recall@20: 0.0967    recall@50: 0.1675    ndcg@5: 0.0248    ndcg@10: 0.0327    ndcg@20: 0.0416    ndcg@50: 0.0558    precision@5: 0.0078    precision@10: 0.0065    precision@20: 0.0051    precision@50: 0.0035    map@5: 0.0204    map@10: 0.0236    map@20: 0.0260    map@50: 0.0282    
Thu 07 May 2026 03:13:41 INFO test result: 
recall@5: 0.0400    recall@10: 0.0643    recall@20: 0.1001    recall@50: 0.1721    ndcg@5: 0.0262    ndcg@10: 0.0342    ndcg@20: 0.0434    ndcg@50: 0.0580    precision@5: 0.0087    precision@10: 0.0070    precision@20: 0.0055    precision@50: 0.0038    map@5: 0.0211    map@10: 0.0243    map@20: 0.0267    map@50: 0.0290    
Thu 07 May 2026 03:13:44 INFO epoch 42 training [time: 2.91s, train loss: 21.1517]
Thu 07 May 2026 03:13:46 INFO epoch 42 evaluating [time: 1.41s, valid_score: 0.062400]
Thu 07 May 2026 03:13:46 INFO valid result: 
recall@5: 0.0375    recall@10: 0.0624    recall@20: 0.0962    recall@50: 0.1683    ndcg@5: 0.0250    ndcg@10: 0.0330    ndcg@20: 0.0416    ndcg@50: 0.0560    precision@5: 0.0079    precision@10: 0.0065    precision@20: 0.0051    precision@50: 0.0036    map@5: 0.0205    map@10: 0.0237    map@20: 0.0261    map@50: 0.0283    
Thu 07 May 2026 03:13:46 INFO test result: 
recall@5: 0.0403    recall@10: 0.0643    recall@20: 0.1011    recall@50: 0.1729    ndcg@5: 0.0265    ndcg@10: 0.0343    ndcg@20: 0.0437    ndcg@50: 0.0582    precision@5: 0.0088    precision@10: 0.0070    precision@20: 0.0055    precision@50: 0.0038    map@5: 0.0213    map@10: 0.0244    map@20: 0.0269    map@50: 0.0292    
Thu 07 May 2026 03:13:46 INFO ██ PA2PD--Best validation results updated!!!
Thu 07 May 2026 03:13:49 INFO epoch 43 training [time: 2.90s, train loss: 20.9595]
Thu 07 May 2026 03:13:52 INFO epoch 43 evaluating [time: 1.33s, valid_score: 0.062000]
Thu 07 May 2026 03:13:52 INFO valid result: 
recall@5: 0.0374    recall@10: 0.0620    recall@20: 0.0955    recall@50: 0.1676    ndcg@5: 0.0249    ndcg@10: 0.0329    ndcg@20: 0.0414    ndcg@50: 0.0558    precision@5: 0.0079    precision@10: 0.0065    precision@20: 0.0050    precision@50: 0.0035    map@5: 0.0205    map@10: 0.0237    map@20: 0.0260    map@50: 0.0283    
Thu 07 May 2026 03:13:52 INFO test result: 
recall@5: 0.0400    recall@10: 0.0648    recall@20: 0.1014    recall@50: 0.1729    ndcg@5: 0.0263    ndcg@10: 0.0344    ndcg@20: 0.0438    ndcg@50: 0.0583    precision@5: 0.0087    precision@10: 0.0071    precision@20: 0.0056    precision@50: 0.0038    map@5: 0.0211    map@10: 0.0244    map@20: 0.0269    map@50: 0.0292    
Thu 07 May 2026 03:13:55 INFO epoch 44 training [time: 2.89s, train loss: 20.7797]
Thu 07 May 2026 03:13:57 INFO epoch 44 evaluating [time: 1.40s, valid_score: 0.062100]
Thu 07 May 2026 03:13:57 INFO valid result: 
recall@5: 0.0373    recall@10: 0.0621    recall@20: 0.0970    recall@50: 0.1679    ndcg@5: 0.0250    ndcg@10: 0.0330    ndcg@20: 0.0418    ndcg@50: 0.0560    precision@5: 0.0078    precision@10: 0.0065    precision@20: 0.0051    precision@50: 0.0035    map@5: 0.0206    map@10: 0.0238    map@20: 0.0262    map@50: 0.0285    
Thu 07 May 2026 03:13:57 INFO test result: 
recall@5: 0.0401    recall@10: 0.0652    recall@20: 0.1018    recall@50: 0.1723    ndcg@5: 0.0264    ndcg@10: 0.0346    ndcg@20: 0.0439    ndcg@50: 0.0582    precision@5: 0.0087    precision@10: 0.0071    precision@20: 0.0056    precision@50: 0.0038    map@5: 0.0212    map@10: 0.0245    map@20: 0.0270    map@50: 0.0292    
Thu 07 May 2026 03:14:00 INFO epoch 45 training [time: 2.90s, train loss: 20.6010]
Thu 07 May 2026 03:14:03 INFO epoch 45 evaluating [time: 1.37s, valid_score: 0.062400]
Thu 07 May 2026 03:14:03 INFO valid result: 
recall@5: 0.0372    recall@10: 0.0624    recall@20: 0.0972    recall@50: 0.1683    ndcg@5: 0.0249    ndcg@10: 0.0330    ndcg@20: 0.0419    ndcg@50: 0.0561    precision@5: 0.0078    precision@10: 0.0066    precision@20: 0.0051    precision@50: 0.0036    map@5: 0.0205    map@10: 0.0238    map@20: 0.0262    map@50: 0.0284    
Thu 07 May 2026 03:14:03 INFO test result: 
recall@5: 0.0409    recall@10: 0.0653    recall@20: 0.1011    recall@50: 0.1730    ndcg@5: 0.0267    ndcg@10: 0.0347    ndcg@20: 0.0439    ndcg@50: 0.0585    precision@5: 0.0089    precision@10: 0.0071    precision@20: 0.0055    precision@50: 0.0038    map@5: 0.0215    map@10: 0.0246    map@20: 0.0271    map@50: 0.0294    
Thu 07 May 2026 03:14:06 INFO epoch 46 training [time: 2.89s, train loss: 20.4199]
Thu 07 May 2026 03:14:09 INFO epoch 46 evaluating [time: 1.32s, valid_score: 0.062900]
Thu 07 May 2026 03:14:09 INFO valid result: 
recall@5: 0.0369    recall@10: 0.0629    recall@20: 0.0969    recall@50: 0.1696    ndcg@5: 0.0249    ndcg@10: 0.0333    ndcg@20: 0.0420    ndcg@50: 0.0565    precision@5: 0.0078    precision@10: 0.0066    precision@20: 0.0051    precision@50: 0.0036    map@5: 0.0207    map@10: 0.0241    map@20: 0.0264    map@50: 0.0287    
Thu 07 May 2026 03:14:09 INFO test result: 
recall@5: 0.0410    recall@10: 0.0646    recall@20: 0.1018    recall@50: 0.1722    ndcg@5: 0.0268    ndcg@10: 0.0345    ndcg@20: 0.0441    ndcg@50: 0.0584    precision@5: 0.0089    precision@10: 0.0071    precision@20: 0.0056    precision@50: 0.0038    map@5: 0.0216    map@10: 0.0246    map@20: 0.0272    map@50: 0.0294    
Thu 07 May 2026 03:14:09 INFO ██ PA2PD--Best validation results updated!!!
Thu 07 May 2026 03:14:11 INFO epoch 47 training [time: 2.88s, train loss: 20.3251]
Thu 07 May 2026 03:14:14 INFO epoch 47 evaluating [time: 1.36s, valid_score: 0.062700]
Thu 07 May 2026 03:14:14 INFO valid result: 
recall@5: 0.0370    recall@10: 0.0627    recall@20: 0.0979    recall@50: 0.1701    ndcg@5: 0.0249    ndcg@10: 0.0332    ndcg@20: 0.0422    ndcg@50: 0.0566    precision@5: 0.0078    precision@10: 0.0066    precision@20: 0.0052    precision@50: 0.0036    map@5: 0.0206    map@10: 0.0240    map@20: 0.0264    map@50: 0.0287    
Thu 07 May 2026 03:14:14 INFO test result: 
recall@5: 0.0408    recall@10: 0.0647    recall@20: 0.1025    recall@50: 0.1736    ndcg@5: 0.0269    ndcg@10: 0.0347    ndcg@20: 0.0444    ndcg@50: 0.0588    precision@5: 0.0089    precision@10: 0.0071    precision@20: 0.0056    precision@50: 0.0039    map@5: 0.0217    map@10: 0.0248    map@20: 0.0274    map@50: 0.0297    
Thu 07 May 2026 03:14:17 INFO epoch 48 training [time: 2.87s, train loss: 20.1273]
Thu 07 May 2026 03:14:20 INFO epoch 48 evaluating [time: 1.32s, valid_score: 0.062800]
Thu 07 May 2026 03:14:20 INFO valid result: 
recall@5: 0.0375    recall@10: 0.0628    recall@20: 0.0984    recall@50: 0.1701    ndcg@5: 0.0250    ndcg@10: 0.0333    ndcg@20: 0.0423    ndcg@50: 0.0566    precision@5: 0.0078    precision@10: 0.0066    precision@20: 0.0052    precision@50: 0.0036    map@5: 0.0207    map@10: 0.0240    map@20: 0.0264    map@50: 0.0286    
Thu 07 May 2026 03:14:20 INFO test result: 
recall@5: 0.0413    recall@10: 0.0656    recall@20: 0.1019    recall@50: 0.1728    ndcg@5: 0.0270    ndcg@10: 0.0349    ndcg@20: 0.0442    ndcg@50: 0.0586    precision@5: 0.0090    precision@10: 0.0072    precision@20: 0.0056    precision@50: 0.0038    map@5: 0.0217    map@10: 0.0248    map@20: 0.0273    map@50: 0.0296    
Thu 07 May 2026 03:14:22 INFO epoch 49 training [time: 2.86s, train loss: 20.0159]
Thu 07 May 2026 03:14:25 INFO epoch 49 evaluating [time: 1.32s, valid_score: 0.063200]
Thu 07 May 2026 03:14:25 INFO valid result: 
recall@5: 0.0377    recall@10: 0.0632    recall@20: 0.0984    recall@50: 0.1706    ndcg@5: 0.0251    ndcg@10: 0.0334    ndcg@20: 0.0423    ndcg@50: 0.0567    precision@5: 0.0079    precision@10: 0.0066    precision@20: 0.0052    precision@50: 0.0036    map@5: 0.0207    map@10: 0.0240    map@20: 0.0264    map@50: 0.0287    
Thu 07 May 2026 03:14:25 INFO test result: 
recall@5: 0.0415    recall@10: 0.0654    recall@20: 0.1022    recall@50: 0.1747    ndcg@5: 0.0271    ndcg@10: 0.0349    ndcg@20: 0.0443    ndcg@50: 0.0590    precision@5: 0.0090    precision@10: 0.0071    precision@20: 0.0056    precision@50: 0.0039    map@5: 0.0218    map@10: 0.0249    map@20: 0.0274    map@50: 0.0297    
Thu 07 May 2026 03:14:25 INFO ██ PA2PD--Best validation results updated!!!
Thu 07 May 2026 03:14:28 INFO epoch 50 training [time: 2.91s, train loss: 19.8209]
Thu 07 May 2026 03:14:31 INFO epoch 50 evaluating [time: 1.41s, valid_score: 0.062700]
Thu 07 May 2026 03:14:31 INFO valid result: 
recall@5: 0.0375    recall@10: 0.0627    recall@20: 0.0983    recall@50: 0.1707    ndcg@5: 0.0251    ndcg@10: 0.0333    ndcg@20: 0.0423    ndcg@50: 0.0568    precision@5: 0.0079    precision@10: 0.0066    precision@20: 0.0052    precision@50: 0.0036    map@5: 0.0207    map@10: 0.0240    map@20: 0.0265    map@50: 0.0288    
Thu 07 May 2026 03:14:31 INFO test result: 
recall@5: 0.0411    recall@10: 0.0652    recall@20: 0.1028    recall@50: 0.1744    ndcg@5: 0.0269    ndcg@10: 0.0348    ndcg@20: 0.0444    ndcg@50: 0.0589    precision@5: 0.0089    precision@10: 0.0071    precision@20: 0.0056    precision@50: 0.0039    map@5: 0.0216    map@10: 0.0248    map@20: 0.0273    map@50: 0.0296    
Thu 07 May 2026 03:14:34 INFO epoch 51 training [time: 2.87s, train loss: 19.7503]
Thu 07 May 2026 03:14:36 INFO epoch 51 evaluating [time: 1.35s, valid_score: 0.063200]
Thu 07 May 2026 03:14:36 INFO valid result: 
recall@5: 0.0374    recall@10: 0.0632    recall@20: 0.0984    recall@50: 0.1698    ndcg@5: 0.0250    ndcg@10: 0.0333    ndcg@20: 0.0422    ndcg@50: 0.0565    precision@5: 0.0078    precision@10: 0.0066    precision@20: 0.0052    precision@50: 0.0036    map@5: 0.0206    map@10: 0.0239    map@20: 0.0264    map@50: 0.0286    
Thu 07 May 2026 03:14:36 INFO test result: 
recall@5: 0.0414    recall@10: 0.0654    recall@20: 0.1029    recall@50: 0.1735    ndcg@5: 0.0272    ndcg@10: 0.0350    ndcg@20: 0.0446    ndcg@50: 0.0589    precision@5: 0.0090    precision@10: 0.0072    precision@20: 0.0057    precision@50: 0.0039    map@5: 0.0218    map@10: 0.0250    map@20: 0.0275    map@50: 0.0298    
Thu 07 May 2026 03:14:39 INFO epoch 52 training [time: 2.89s, train loss: 19.5922]
Thu 07 May 2026 03:14:42 INFO epoch 52 evaluating [time: 1.31s, valid_score: 0.063200]
Thu 07 May 2026 03:14:42 INFO valid result: 
recall@5: 0.0382    recall@10: 0.0632    recall@20: 0.0979    recall@50: 0.1700    ndcg@5: 0.0255    ndcg@10: 0.0335    ndcg@20: 0.0424    ndcg@50: 0.0567    precision@5: 0.0080    precision@10: 0.0066    precision@20: 0.0052    precision@50: 0.0036    map@5: 0.0210    map@10: 0.0242    map@20: 0.0266    map@50: 0.0288    
Thu 07 May 2026 03:14:42 INFO test result: 
recall@5: 0.0409    recall@10: 0.0662    recall@20: 0.1027    recall@50: 0.1741    ndcg@5: 0.0270    ndcg@10: 0.0353    ndcg@20: 0.0446    ndcg@50: 0.0590    precision@5: 0.0089    precision@10: 0.0073    precision@20: 0.0056    precision@50: 0.0039    map@5: 0.0217    map@10: 0.0251    map@20: 0.0275    map@50: 0.0298    
Thu 07 May 2026 03:14:45 INFO epoch 53 training [time: 2.91s, train loss: 19.4722]
Thu 07 May 2026 03:14:47 INFO epoch 53 evaluating [time: 1.40s, valid_score: 0.062200]
Thu 07 May 2026 03:14:47 INFO valid result: 
recall@5: 0.0377    recall@10: 0.0622    recall@20: 0.0981    recall@50: 0.1706    ndcg@5: 0.0254    ndcg@10: 0.0333    ndcg@20: 0.0424    ndcg@50: 0.0569    precision@5: 0.0079    precision@10: 0.0065    precision@20: 0.0052    precision@50: 0.0036    map@5: 0.0210    map@10: 0.0242    map@20: 0.0267    map@50: 0.0289    
Thu 07 May 2026 03:14:47 INFO test result: 
recall@5: 0.0413    recall@10: 0.0662    recall@20: 0.1028    recall@50: 0.1727    ndcg@5: 0.0270    ndcg@10: 0.0351    ndcg@20: 0.0445    ndcg@50: 0.0586    precision@5: 0.0090    precision@10: 0.0073    precision@20: 0.0056    precision@50: 0.0038    map@5: 0.0217    map@10: 0.0249    map@20: 0.0274    map@50: 0.0296    
Thu 07 May 2026 03:14:50 INFO epoch 54 training [time: 2.90s, train loss: 19.2987]
Thu 07 May 2026 03:14:53 INFO epoch 54 evaluating [time: 1.32s, valid_score: 0.063200]
Thu 07 May 2026 03:14:53 INFO valid result: 
recall@5: 0.0379    recall@10: 0.0632    recall@20: 0.0980    recall@50: 0.1704    ndcg@5: 0.0254    ndcg@10: 0.0336    ndcg@20: 0.0424    ndcg@50: 0.0569    precision@5: 0.0080    precision@10: 0.0066    precision@20: 0.0052    precision@50: 0.0036    map@5: 0.0209    map@10: 0.0243    map@20: 0.0266    map@50: 0.0289    
Thu 07 May 2026 03:14:53 INFO test result: 
recall@5: 0.0406    recall@10: 0.0660    recall@20: 0.1032    recall@50: 0.1742    ndcg@5: 0.0266    ndcg@10: 0.0349    ndcg@20: 0.0444    ndcg@50: 0.0587    precision@5: 0.0088    precision@10: 0.0072    precision@20: 0.0057    precision@50: 0.0039    map@5: 0.0213    map@10: 0.0247    map@20: 0.0272    map@50: 0.0294    
Thu 07 May 2026 03:14:56 INFO epoch 55 training [time: 2.91s, train loss: 19.2192]
Thu 07 May 2026 03:14:59 INFO epoch 55 evaluating [time: 1.33s, valid_score: 0.063500]
Thu 07 May 2026 03:14:59 INFO valid result: 
recall@5: 0.0382    recall@10: 0.0635    recall@20: 0.0985    recall@50: 0.1705    ndcg@5: 0.0256    ndcg@10: 0.0338    ndcg@20: 0.0427    ndcg@50: 0.0570    precision@5: 0.0080    precision@10: 0.0067    precision@20: 0.0052    precision@50: 0.0036    map@5: 0.0211    map@10: 0.0244    map@20: 0.0268    map@50: 0.0291    
Thu 07 May 2026 03:14:59 INFO test result: 
recall@5: 0.0413    recall@10: 0.0668    recall@20: 0.1028    recall@50: 0.1739    ndcg@5: 0.0270    ndcg@10: 0.0353    ndcg@20: 0.0445    ndcg@50: 0.0589    precision@5: 0.0090    precision@10: 0.0073    precision@20: 0.0057    precision@50: 0.0039    map@5: 0.0217    map@10: 0.0250    map@20: 0.0274    map@50: 0.0297    
Thu 07 May 2026 03:14:59 INFO ██ PA2PD--Best validation results updated!!!
Thu 07 May 2026 03:15:01 INFO epoch 56 training [time: 2.87s, train loss: 19.0890]
Thu 07 May 2026 03:15:04 INFO epoch 56 evaluating [time: 1.38s, valid_score: 0.063700]
Thu 07 May 2026 03:15:04 INFO valid result: 
recall@5: 0.0378    recall@10: 0.0637    recall@20: 0.0990    recall@50: 0.1705    ndcg@5: 0.0255    ndcg@10: 0.0339    ndcg@20: 0.0428    ndcg@50: 0.0571    precision@5: 0.0079    precision@10: 0.0067    precision@20: 0.0052    precision@50: 0.0036    map@5: 0.0211    map@10: 0.0245    map@20: 0.0269    map@50: 0.0291    
Thu 07 May 2026 03:15:04 INFO test result: 
recall@5: 0.0417    recall@10: 0.0663    recall@20: 0.1029    recall@50: 0.1745    ndcg@5: 0.0271    ndcg@10: 0.0352    ndcg@20: 0.0446    ndcg@50: 0.0591    precision@5: 0.0091    precision@10: 0.0073    precision@20: 0.0057    precision@50: 0.0039    map@5: 0.0217    map@10: 0.0249    map@20: 0.0274    map@50: 0.0297    
Thu 07 May 2026 03:15:04 INFO ██ PA2PD--Best validation results updated!!!
Thu 07 May 2026 03:15:07 INFO epoch 57 training [time: 2.89s, train loss: 18.9693]
Thu 07 May 2026 03:15:10 INFO epoch 57 evaluating [time: 1.35s, valid_score: 0.063300]
Thu 07 May 2026 03:15:10 INFO valid result: 
recall@5: 0.0387    recall@10: 0.0633    recall@20: 0.0983    recall@50: 0.1706    ndcg@5: 0.0258    ndcg@10: 0.0337    ndcg@20: 0.0426    ndcg@50: 0.0571    precision@5: 0.0081    precision@10: 0.0066    precision@20: 0.0052    precision@50: 0.0036    map@5: 0.0212    map@10: 0.0244    map@20: 0.0268    map@50: 0.0291    
Thu 07 May 2026 03:15:10 INFO test result: 
recall@5: 0.0415    recall@10: 0.0659    recall@20: 0.1024    recall@50: 0.1741    ndcg@5: 0.0269    ndcg@10: 0.0350    ndcg@20: 0.0443    ndcg@50: 0.0588    precision@5: 0.0091    precision@10: 0.0072    precision@20: 0.0056    precision@50: 0.0039    map@5: 0.0215    map@10: 0.0247    map@20: 0.0272    map@50: 0.0295    
Thu 07 May 2026 03:15:13 INFO epoch 58 training [time: 2.90s, train loss: 18.8433]
Thu 07 May 2026 03:15:15 INFO epoch 58 evaluating [time: 1.33s, valid_score: 0.064100]
Thu 07 May 2026 03:15:15 INFO valid result: 
recall@5: 0.0387    recall@10: 0.0641    recall@20: 0.0982    recall@50: 0.1719    ndcg@5: 0.0258    ndcg@10: 0.0340    ndcg@20: 0.0427    ndcg@50: 0.0573    precision@5: 0.0081    precision@10: 0.0067    precision@20: 0.0052    precision@50: 0.0036    map@5: 0.0212    map@10: 0.0245    map@20: 0.0269    map@50: 0.0292    
Thu 07 May 2026 03:15:15 INFO test result: 
recall@5: 0.0419    recall@10: 0.0655    recall@20: 0.1031    recall@50: 0.1743    ndcg@5: 0.0272    ndcg@10: 0.0349    ndcg@20: 0.0445    ndcg@50: 0.0589    precision@5: 0.0091    precision@10: 0.0072    precision@20: 0.0057    precision@50: 0.0039    map@5: 0.0217    map@10: 0.0248    map@20: 0.0274    map@50: 0.0296    
Thu 07 May 2026 03:15:15 INFO ██ PA2PD--Best validation results updated!!!
Thu 07 May 2026 03:15:18 INFO epoch 59 training [time: 2.89s, train loss: 18.7981]
Thu 07 May 2026 03:15:21 INFO epoch 59 evaluating [time: 1.41s, valid_score: 0.064500]
Thu 07 May 2026 03:15:21 INFO valid result: 
recall@5: 0.0389    recall@10: 0.0645    recall@20: 0.0988    recall@50: 0.1708    ndcg@5: 0.0259    ndcg@10: 0.0341    ndcg@20: 0.0429    ndcg@50: 0.0572    precision@5: 0.0082    precision@10: 0.0068    precision@20: 0.0052    precision@50: 0.0036    map@5: 0.0214    map@10: 0.0246    map@20: 0.0270    map@50: 0.0292    
Thu 07 May 2026 03:15:21 INFO test result: 
recall@5: 0.0412    recall@10: 0.0656    recall@20: 0.1023    recall@50: 0.1734    ndcg@5: 0.0269    ndcg@10: 0.0349    ndcg@20: 0.0444    ndcg@50: 0.0588    precision@5: 0.0090    precision@10: 0.0072    precision@20: 0.0056    precision@50: 0.0038    map@5: 0.0216    map@10: 0.0248    map@20: 0.0273    map@50: 0.0296    
Thu 07 May 2026 03:15:21 INFO ██ PA2PD--Best validation results updated!!!
Thu 07 May 2026 03:15:24 INFO epoch 60 training [time: 2.90s, train loss: 18.7313]
Thu 07 May 2026 03:15:26 INFO epoch 60 evaluating [time: 1.31s, valid_score: 0.064500]
Thu 07 May 2026 03:15:26 INFO valid result: 
recall@5: 0.0395    recall@10: 0.0645    recall@20: 0.0987    recall@50: 0.1718    ndcg@5: 0.0264    ndcg@10: 0.0345    ndcg@20: 0.0431    ndcg@50: 0.0577    precision@5: 0.0083    precision@10: 0.0068    precision@20: 0.0052    precision@50: 0.0036    map@5: 0.0218    map@10: 0.0250    map@20: 0.0273    map@50: 0.0296    
Thu 07 May 2026 03:15:26 INFO test result: 
recall@5: 0.0416    recall@10: 0.0663    recall@20: 0.1023    recall@50: 0.1735    ndcg@5: 0.0271    ndcg@10: 0.0352    ndcg@20: 0.0444    ndcg@50: 0.0589    precision@5: 0.0091    precision@10: 0.0073    precision@20: 0.0056    precision@50: 0.0039    map@5: 0.0217    map@10: 0.0250    map@20: 0.0274    map@50: 0.0297    
Thu 07 May 2026 03:15:29 INFO epoch 61 training [time: 2.87s, train loss: 18.5792]
Thu 07 May 2026 03:15:32 INFO epoch 61 evaluating [time: 1.33s, valid_score: 0.064000]
Thu 07 May 2026 03:15:32 INFO valid result: 
recall@5: 0.0389    recall@10: 0.0640    recall@20: 0.0982    recall@50: 0.1703    ndcg@5: 0.0261    ndcg@10: 0.0342    ndcg@20: 0.0429    ndcg@50: 0.0573    precision@5: 0.0081    precision@10: 0.0067    precision@20: 0.0052    precision@50: 0.0036    map@5: 0.0216    map@10: 0.0249    map@20: 0.0272    map@50: 0.0295    
Thu 07 May 2026 03:15:32 INFO test result: 
recall@5: 0.0411    recall@10: 0.0666    recall@20: 0.1033    recall@50: 0.1740    ndcg@5: 0.0269    ndcg@10: 0.0353    ndcg@20: 0.0447    ndcg@50: 0.0590    precision@5: 0.0089    precision@10: 0.0073    precision@20: 0.0057    precision@50: 0.0039    map@5: 0.0216    map@10: 0.0250    map@20: 0.0275    map@50: 0.0297    
Thu 07 May 2026 03:15:35 INFO epoch 62 training [time: 2.89s, train loss: 18.4606]
Thu 07 May 2026 03:15:38 INFO epoch 62 evaluating [time: 1.38s, valid_score: 0.064300]
Thu 07 May 2026 03:15:38 INFO valid result: 
recall@5: 0.0396    recall@10: 0.0643    recall@20: 0.0997    recall@50: 0.1716    ndcg@5: 0.0265    ndcg@10: 0.0344    ndcg@20: 0.0434    ndcg@50: 0.0578    precision@5: 0.0083    precision@10: 0.0067    precision@20: 0.0053    precision@50: 0.0036    map@5: 0.0219    map@10: 0.0251    map@20: 0.0275    map@50: 0.0297    
Thu 07 May 2026 03:15:38 INFO test result: 
recall@5: 0.0414    recall@10: 0.0665    recall@20: 0.1043    recall@50: 0.1743    ndcg@5: 0.0271    ndcg@10: 0.0353    ndcg@20: 0.0450    ndcg@50: 0.0592    precision@5: 0.0091    precision@10: 0.0073    precision@20: 0.0057    precision@50: 0.0039    map@5: 0.0217    map@10: 0.0250    map@20: 0.0276    map@50: 0.0298    
Thu 07 May 2026 03:15:40 INFO epoch 63 training [time: 2.89s, train loss: 18.4215]
Thu 07 May 2026 03:15:43 INFO epoch 63 evaluating [time: 1.45s, valid_score: 0.064400]
Thu 07 May 2026 03:15:43 INFO valid result: 
recall@5: 0.0397    recall@10: 0.0644    recall@20: 0.0986    recall@50: 0.1709    ndcg@5: 0.0267    ndcg@10: 0.0347    ndcg@20: 0.0433    ndcg@50: 0.0578    precision@5: 0.0083    precision@10: 0.0068    precision@20: 0.0052    precision@50: 0.0036    map@5: 0.0221    map@10: 0.0253    map@20: 0.0276    map@50: 0.0299    
Thu 07 May 2026 03:15:43 INFO test result: 
recall@5: 0.0411    recall@10: 0.0667    recall@20: 0.1040    recall@50: 0.1740    ndcg@5: 0.0270    ndcg@10: 0.0354    ndcg@20: 0.0449    ndcg@50: 0.0591    precision@5: 0.0089    precision@10: 0.0073    precision@20: 0.0057    precision@50: 0.0039    map@5: 0.0217    map@10: 0.0251    map@20: 0.0276    map@50: 0.0298    
Thu 07 May 2026 03:15:46 INFO epoch 64 training [time: 2.89s, train loss: 18.3598]
Thu 07 May 2026 03:15:49 INFO epoch 64 evaluating [time: 1.33s, valid_score: 0.064300]
Thu 07 May 2026 03:15:49 INFO valid result: 
recall@5: 0.0390    recall@10: 0.0643    recall@20: 0.0985    recall@50: 0.1721    ndcg@5: 0.0262    ndcg@10: 0.0343    ndcg@20: 0.0431    ndcg@50: 0.0578    precision@5: 0.0082    precision@10: 0.0068    precision@20: 0.0052    precision@50: 0.0036    map@5: 0.0216    map@10: 0.0249    map@20: 0.0273    map@50: 0.0296    
Thu 07 May 2026 03:15:49 INFO test result: 
recall@5: 0.0418    recall@10: 0.0677    recall@20: 0.1041    recall@50: 0.1747    ndcg@5: 0.0272    ndcg@10: 0.0356    ndcg@20: 0.0449    ndcg@50: 0.0592    precision@5: 0.0091    precision@10: 0.0074    precision@20: 0.0057    precision@50: 0.0039    map@5: 0.0217    map@10: 0.0251    map@20: 0.0276    map@50: 0.0298    
Thu 07 May 2026 03:15:52 INFO epoch 65 training [time: 2.89s, train loss: 18.2400]
Thu 07 May 2026 03:15:54 INFO epoch 65 evaluating [time: 1.31s, valid_score: 0.064600]
Thu 07 May 2026 03:15:54 INFO valid result: 
recall@5: 0.0390    recall@10: 0.0646    recall@20: 0.0983    recall@50: 0.1712    ndcg@5: 0.0262    ndcg@10: 0.0345    ndcg@20: 0.0430    ndcg@50: 0.0576    precision@5: 0.0082    precision@10: 0.0068    precision@20: 0.0052    precision@50: 0.0036    map@5: 0.0217    map@10: 0.0250    map@20: 0.0273    map@50: 0.0296    
Thu 07 May 2026 03:15:54 INFO test result: 
recall@5: 0.0418    recall@10: 0.0674    recall@20: 0.1036    recall@50: 0.1744    ndcg@5: 0.0274    ndcg@10: 0.0358    ndcg@20: 0.0451    ndcg@50: 0.0595    precision@5: 0.0091    precision@10: 0.0074    precision@20: 0.0057    precision@50: 0.0039    map@5: 0.0221    map@10: 0.0254    map@20: 0.0279    map@50: 0.0302    
Thu 07 May 2026 03:15:54 INFO ██ PA2PD--Best validation results updated!!!
Thu 07 May 2026 03:15:57 INFO epoch 66 training [time: 2.90s, train loss: 18.1259]
Thu 07 May 2026 03:16:00 INFO epoch 66 evaluating [time: 1.33s, valid_score: 0.064500]
Thu 07 May 2026 03:16:00 INFO valid result: 
recall@5: 0.0392    recall@10: 0.0645    recall@20: 0.0983    recall@50: 0.1715    ndcg@5: 0.0263    ndcg@10: 0.0345    ndcg@20: 0.0430    ndcg@50: 0.0577    precision@5: 0.0082    precision@10: 0.0068    precision@20: 0.0052    precision@50: 0.0036    map@5: 0.0217    map@10: 0.0250    map@20: 0.0273    map@50: 0.0296    
Thu 07 May 2026 03:16:00 INFO test result: 
recall@5: 0.0417    recall@10: 0.0672    recall@20: 0.1039    recall@50: 0.1750    ndcg@5: 0.0272    ndcg@10: 0.0355    ndcg@20: 0.0450    ndcg@50: 0.0593    precision@5: 0.0091    precision@10: 0.0073    precision@20: 0.0057    precision@50: 0.0039    map@5: 0.0218    map@10: 0.0251    map@20: 0.0276    map@50: 0.0299    
Thu 07 May 2026 03:16:03 INFO epoch 67 training [time: 2.87s, train loss: 18.0272]
Thu 07 May 2026 03:16:05 INFO epoch 67 evaluating [time: 1.35s, valid_score: 0.063900]
Thu 07 May 2026 03:16:05 INFO valid result: 
recall@5: 0.0393    recall@10: 0.0639    recall@20: 0.0983    recall@50: 0.1726    ndcg@5: 0.0263    ndcg@10: 0.0342    ndcg@20: 0.0430    ndcg@50: 0.0578    precision@5: 0.0082    precision@10: 0.0067    precision@20: 0.0052    precision@50: 0.0036    map@5: 0.0217    map@10: 0.0249    map@20: 0.0273    map@50: 0.0296    
Thu 07 May 2026 03:16:05 INFO test result: 
recall@5: 0.0417    recall@10: 0.0675    recall@20: 0.1043    recall@50: 0.1738    ndcg@5: 0.0274    ndcg@10: 0.0358    ndcg@20: 0.0452    ndcg@50: 0.0593    precision@5: 0.0091    precision@10: 0.0074    precision@20: 0.0057    precision@50: 0.0039    map@5: 0.0220    map@10: 0.0254    map@20: 0.0279    map@50: 0.0301    
Thu 07 May 2026 03:16:08 INFO epoch 68 training [time: 2.88s, train loss: 17.9972]
Thu 07 May 2026 03:16:11 INFO epoch 68 evaluating [time: 1.34s, valid_score: 0.063700]
Thu 07 May 2026 03:16:11 INFO valid result: 
recall@5: 0.0397    recall@10: 0.0637    recall@20: 0.0996    recall@50: 0.1721    ndcg@5: 0.0265    ndcg@10: 0.0343    ndcg@20: 0.0434    ndcg@50: 0.0579    precision@5: 0.0083    precision@10: 0.0067    precision@20: 0.0052    precision@50: 0.0036    map@5: 0.0219    map@10: 0.0250    map@20: 0.0274    map@50: 0.0297    
Thu 07 May 2026 03:16:11 INFO test result: 
recall@5: 0.0416    recall@10: 0.0666    recall@20: 0.1043    recall@50: 0.1743    ndcg@5: 0.0272    ndcg@10: 0.0354    ndcg@20: 0.0451    ndcg@50: 0.0593    precision@5: 0.0091    precision@10: 0.0073    precision@20: 0.0057    precision@50: 0.0039    map@5: 0.0219    map@10: 0.0252    map@20: 0.0278    map@50: 0.0300    
Thu 07 May 2026 03:16:14 INFO epoch 69 training [time: 2.86s, train loss: 17.9657]
Thu 07 May 2026 03:16:17 INFO epoch 69 evaluating [time: 1.36s, valid_score: 0.064100]
Thu 07 May 2026 03:16:17 INFO valid result: 
recall@5: 0.0402    recall@10: 0.0641    recall@20: 0.0988    recall@50: 0.1735    ndcg@5: 0.0267    ndcg@10: 0.0345    ndcg@20: 0.0433    ndcg@50: 0.0582    precision@5: 0.0084    precision@10: 0.0067    precision@20: 0.0052    precision@50: 0.0037    map@5: 0.0220    map@10: 0.0251    map@20: 0.0275    map@50: 0.0299    
Thu 07 May 2026 03:16:17 INFO test result: 
recall@5: 0.0417    recall@10: 0.0674    recall@20: 0.1034    recall@50: 0.1740    ndcg@5: 0.0273    ndcg@10: 0.0358    ndcg@20: 0.0451    ndcg@50: 0.0594    precision@5: 0.0091    precision@10: 0.0074    precision@20: 0.0057    precision@50: 0.0039    map@5: 0.0220    map@10: 0.0254    map@20: 0.0279    map@50: 0.0301    
Thu 07 May 2026 03:16:19 INFO epoch 70 training [time: 2.87s, train loss: 17.8923]
Thu 07 May 2026 03:16:22 INFO epoch 70 evaluating [time: 1.35s, valid_score: 0.064300]
Thu 07 May 2026 03:16:22 INFO valid result: 
recall@5: 0.0400    recall@10: 0.0643    recall@20: 0.0994    recall@50: 0.1738    ndcg@5: 0.0267    ndcg@10: 0.0345    ndcg@20: 0.0435    ndcg@50: 0.0583    precision@5: 0.0084    precision@10: 0.0067    precision@20: 0.0052    precision@50: 0.0037    map@5: 0.0220    map@10: 0.0252    map@20: 0.0276    map@50: 0.0299    
Thu 07 May 2026 03:16:22 INFO test result: 
recall@5: 0.0418    recall@10: 0.0668    recall@20: 0.1048    recall@50: 0.1744    ndcg@5: 0.0275    ndcg@10: 0.0358    ndcg@20: 0.0455    ndcg@50: 0.0596    precision@5: 0.0091    precision@10: 0.0073    precision@20: 0.0058    precision@50: 0.0039    map@5: 0.0222    map@10: 0.0255    map@20: 0.0281    map@50: 0.0303    
Thu 07 May 2026 03:16:25 INFO epoch 71 training [time: 2.87s, train loss: 17.8006]
Thu 07 May 2026 03:16:28 INFO epoch 71 evaluating [time: 1.35s, valid_score: 0.063800]
Thu 07 May 2026 03:16:28 INFO valid result: 
recall@5: 0.0401    recall@10: 0.0638    recall@20: 0.0998    recall@50: 0.1734    ndcg@5: 0.0266    ndcg@10: 0.0343    ndcg@20: 0.0434    ndcg@50: 0.0581    precision@5: 0.0084    precision@10: 0.0067    precision@20: 0.0052    precision@50: 0.0037    map@5: 0.0219    map@10: 0.0250    map@20: 0.0274    map@50: 0.0297    
Thu 07 May 2026 03:16:28 INFO test result: 
recall@5: 0.0419    recall@10: 0.0665    recall@20: 0.1043    recall@50: 0.1749    ndcg@5: 0.0275    ndcg@10: 0.0356    ndcg@20: 0.0453    ndcg@50: 0.0596    precision@5: 0.0092    precision@10: 0.0073    precision@20: 0.0057    precision@50: 0.0039    map@5: 0.0221    map@10: 0.0254    map@20: 0.0280    map@50: 0.0302    
Thu 07 May 2026 03:16:31 INFO epoch 72 training [time: 2.87s, train loss: 17.7753]
Thu 07 May 2026 03:16:33 INFO epoch 72 evaluating [time: 1.36s, valid_score: 0.064300]
Thu 07 May 2026 03:16:33 INFO valid result: 
recall@5: 0.0399    recall@10: 0.0643    recall@20: 0.0990    recall@50: 0.1721    ndcg@5: 0.0267    ndcg@10: 0.0346    ndcg@20: 0.0434    ndcg@50: 0.0581    precision@5: 0.0083    precision@10: 0.0068    precision@20: 0.0052    precision@50: 0.0036    map@5: 0.0220    map@10: 0.0252    map@20: 0.0276    map@50: 0.0299    
Thu 07 May 2026 03:16:33 INFO test result: 
recall@5: 0.0420    recall@10: 0.0669    recall@20: 0.1041    recall@50: 0.1740    ndcg@5: 0.0275    ndcg@10: 0.0357    ndcg@20: 0.0453    ndcg@50: 0.0594    precision@5: 0.0092    precision@10: 0.0073    precision@20: 0.0057    precision@50: 0.0039    map@5: 0.0221    map@10: 0.0254    map@20: 0.0280    map@50: 0.0302    
Thu 07 May 2026 03:16:36 INFO epoch 73 training [time: 2.88s, train loss: 17.6745]
Thu 07 May 2026 03:16:39 INFO epoch 73 evaluating [time: 1.35s, valid_score: 0.064500]
Thu 07 May 2026 03:16:39 INFO valid result: 
recall@5: 0.0406    recall@10: 0.0645    recall@20: 0.0994    recall@50: 0.1713    ndcg@5: 0.0269    ndcg@10: 0.0347    ndcg@20: 0.0435    ndcg@50: 0.0579    precision@5: 0.0085    precision@10: 0.0068    precision@20: 0.0052    precision@50: 0.0036    map@5: 0.0221    map@10: 0.0252    map@20: 0.0276    map@50: 0.0299    
Thu 07 May 2026 03:16:39 INFO test result: 
recall@5: 0.0415    recall@10: 0.0671    recall@20: 0.1038    recall@50: 0.1735    ndcg@5: 0.0274    ndcg@10: 0.0357    ndcg@20: 0.0452    ndcg@50: 0.0593    precision@5: 0.0091    precision@10: 0.0073    precision@20: 0.0057    precision@50: 0.0039    map@5: 0.0220    map@10: 0.0254    map@20: 0.0279    map@50: 0.0302    
Thu 07 May 2026 03:16:42 INFO epoch 74 training [time: 2.89s, train loss: 17.5755]
Thu 07 May 2026 03:16:45 INFO epoch 74 evaluating [time: 1.37s, valid_score: 0.064500]
Thu 07 May 2026 03:16:45 INFO valid result: 
recall@5: 0.0406    recall@10: 0.0645    recall@20: 0.0988    recall@50: 0.1723    ndcg@5: 0.0271    ndcg@10: 0.0348    ndcg@20: 0.0435    ndcg@50: 0.0582    precision@5: 0.0085    precision@10: 0.0068    precision@20: 0.0052    precision@50: 0.0036    map@5: 0.0223    map@10: 0.0254    map@20: 0.0277    map@50: 0.0301    
Thu 07 May 2026 03:16:45 INFO test result: 
recall@5: 0.0418    recall@10: 0.0674    recall@20: 0.1039    recall@50: 0.1748    ndcg@5: 0.0276    ndcg@10: 0.0359    ndcg@20: 0.0453    ndcg@50: 0.0596    precision@5: 0.0091    precision@10: 0.0074    precision@20: 0.0057    precision@50: 0.0039    map@5: 0.0222    map@10: 0.0256    map@20: 0.0281    map@50: 0.0303    
Thu 07 May 2026 03:16:47 INFO epoch 75 training [time: 2.86s, train loss: 17.5624]
Thu 07 May 2026 03:16:50 INFO epoch 75 evaluating [time: 1.36s, valid_score: 0.064100]
Thu 07 May 2026 03:16:50 INFO valid result: 
recall@5: 0.0402    recall@10: 0.0641    recall@20: 0.0987    recall@50: 0.1718    ndcg@5: 0.0267    ndcg@10: 0.0344    ndcg@20: 0.0432    ndcg@50: 0.0578    precision@5: 0.0084    precision@10: 0.0067    precision@20: 0.0052    precision@50: 0.0036    map@5: 0.0219    map@10: 0.0250    map@20: 0.0274    map@50: 0.0297    
Thu 07 May 2026 03:16:50 INFO test result: 
recall@5: 0.0420    recall@10: 0.0669    recall@20: 0.1045    recall@50: 0.1750    ndcg@5: 0.0275    ndcg@10: 0.0357    ndcg@20: 0.0453    ndcg@50: 0.0595    precision@5: 0.0092    precision@10: 0.0074    precision@20: 0.0058    precision@50: 0.0039    map@5: 0.0221    map@10: 0.0253    map@20: 0.0279    map@50: 0.0301    
Thu 07 May 2026 03:16:53 INFO epoch 76 training [time: 2.88s, train loss: 17.5263]
Thu 07 May 2026 03:16:56 INFO epoch 76 evaluating [time: 1.36s, valid_score: 0.064000]
Thu 07 May 2026 03:16:56 INFO valid result: 
recall@5: 0.0400    recall@10: 0.0640    recall@20: 0.0991    recall@50: 0.1725    ndcg@5: 0.0267    ndcg@10: 0.0345    ndcg@20: 0.0434    ndcg@50: 0.0580    precision@5: 0.0084    precision@10: 0.0067    precision@20: 0.0052    precision@50: 0.0036    map@5: 0.0220    map@10: 0.0252    map@20: 0.0275    map@50: 0.0299    
Thu 07 May 2026 03:16:56 INFO test result: 
recall@5: 0.0414    recall@10: 0.0666    recall@20: 0.1040    recall@50: 0.1760    ndcg@5: 0.0273    ndcg@10: 0.0355    ndcg@20: 0.0451    ndcg@50: 0.0597    precision@5: 0.0091    precision@10: 0.0073    precision@20: 0.0057    precision@50: 0.0039    map@5: 0.0219    map@10: 0.0253    map@20: 0.0278    map@50: 0.0301    
Thu 07 May 2026 03:16:59 INFO epoch 77 training [time: 2.87s, train loss: 17.4642]
Thu 07 May 2026 03:17:01 INFO epoch 77 evaluating [time: 1.40s, valid_score: 0.063800]
Thu 07 May 2026 03:17:01 INFO valid result: 
recall@5: 0.0399    recall@10: 0.0638    recall@20: 0.0995    recall@50: 0.1719    ndcg@5: 0.0267    ndcg@10: 0.0344    ndcg@20: 0.0435    ndcg@50: 0.0580    precision@5: 0.0084    precision@10: 0.0067    precision@20: 0.0052    precision@50: 0.0036    map@5: 0.0220    map@10: 0.0252    map@20: 0.0276    map@50: 0.0299    
Thu 07 May 2026 03:17:01 INFO test result: 
recall@5: 0.0421    recall@10: 0.0673    recall@20: 0.1032    recall@50: 0.1748    ndcg@5: 0.0275    ndcg@10: 0.0358    ndcg@20: 0.0450    ndcg@50: 0.0595    precision@5: 0.0092    precision@10: 0.0074    precision@20: 0.0057    precision@50: 0.0039    map@5: 0.0221    map@10: 0.0254    map@20: 0.0278    map@50: 0.0301    
Thu 07 May 2026 03:17:04 INFO epoch 78 training [time: 2.88s, train loss: 17.3950]
Thu 07 May 2026 03:17:07 INFO epoch 78 evaluating [time: 1.35s, valid_score: 0.063800]
Thu 07 May 2026 03:17:07 INFO valid result: 
recall@5: 0.0405    recall@10: 0.0638    recall@20: 0.0992    recall@50: 0.1725    ndcg@5: 0.0271    ndcg@10: 0.0346    ndcg@20: 0.0436    ndcg@50: 0.0583    precision@5: 0.0085    precision@10: 0.0067    precision@20: 0.0052    precision@50: 0.0036    map@5: 0.0224    map@10: 0.0254    map@20: 0.0278    map@50: 0.0301    
Thu 07 May 2026 03:17:07 INFO test result: 
recall@5: 0.0419    recall@10: 0.0676    recall@20: 0.1031    recall@50: 0.1755    ndcg@5: 0.0276    ndcg@10: 0.0360    ndcg@20: 0.0451    ndcg@50: 0.0597    precision@5: 0.0092    precision@10: 0.0074    precision@20: 0.0057    precision@50: 0.0039    map@5: 0.0223    map@10: 0.0256    map@20: 0.0280    map@50: 0.0303    
Thu 07 May 2026 03:17:10 INFO epoch 79 training [time: 2.89s, train loss: 17.2972]
Thu 07 May 2026 03:17:12 INFO epoch 79 evaluating [time: 1.33s, valid_score: 0.063600]
Thu 07 May 2026 03:17:12 INFO valid result: 
recall@5: 0.0405    recall@10: 0.0636    recall@20: 0.0998    recall@50: 0.1718    ndcg@5: 0.0269    ndcg@10: 0.0343    ndcg@20: 0.0435    ndcg@50: 0.0579    precision@5: 0.0085    precision@10: 0.0067    precision@20: 0.0053    precision@50: 0.0036    map@5: 0.0221    map@10: 0.0251    map@20: 0.0275    map@50: 0.0298    
Thu 07 May 2026 03:17:12 INFO test result: 
recall@5: 0.0416    recall@10: 0.0673    recall@20: 0.1038    recall@50: 0.1747    ndcg@5: 0.0273    ndcg@10: 0.0357    ndcg@20: 0.0451    ndcg@50: 0.0594    precision@5: 0.0091    precision@10: 0.0074    precision@20: 0.0057    precision@50: 0.0039    map@5: 0.0219    map@10: 0.0252    map@20: 0.0278    map@50: 0.0300    
Thu 07 May 2026 03:17:15 INFO epoch 80 training [time: 2.90s, train loss: 17.2538]
Thu 07 May 2026 03:17:18 INFO epoch 80 evaluating [time: 1.33s, valid_score: 0.063500]
Thu 07 May 2026 03:17:18 INFO valid result: 
recall@5: 0.0406    recall@10: 0.0635    recall@20: 0.0991    recall@50: 0.1727    ndcg@5: 0.0269    ndcg@10: 0.0343    ndcg@20: 0.0434    ndcg@50: 0.0581    precision@5: 0.0085    precision@10: 0.0067    precision@20: 0.0052    precision@50: 0.0036    map@5: 0.0220    map@10: 0.0251    map@20: 0.0275    map@50: 0.0298    
Thu 07 May 2026 03:17:18 INFO test result: 
recall@5: 0.0420    recall@10: 0.0677    recall@20: 0.1048    recall@50: 0.1761    ndcg@5: 0.0275    ndcg@10: 0.0359    ndcg@20: 0.0454    ndcg@50: 0.0598    precision@5: 0.0092    precision@10: 0.0074    precision@20: 0.0058    precision@50: 0.0039    map@5: 0.0221    map@10: 0.0254    map@20: 0.0280    map@50: 0.0302    
Thu 07 May 2026 03:17:21 INFO epoch 81 training [time: 2.92s, train loss: 17.1947]
Thu 07 May 2026 03:17:24 INFO epoch 81 evaluating [time: 1.41s, valid_score: 0.063700]
Thu 07 May 2026 03:17:24 INFO valid result: 
recall@5: 0.0410    recall@10: 0.0637    recall@20: 0.0989    recall@50: 0.1728    ndcg@5: 0.0272    ndcg@10: 0.0346    ndcg@20: 0.0436    ndcg@50: 0.0583    precision@5: 0.0086    precision@10: 0.0067    precision@20: 0.0052    precision@50: 0.0036    map@5: 0.0224    map@10: 0.0254    map@20: 0.0278    map@50: 0.0301    
Thu 07 May 2026 03:17:24 INFO test result: 
recall@5: 0.0424    recall@10: 0.0674    recall@20: 0.1042    recall@50: 0.1750    ndcg@5: 0.0278    ndcg@10: 0.0360    ndcg@20: 0.0455    ndcg@50: 0.0598    precision@5: 0.0093    precision@10: 0.0074    precision@20: 0.0057    precision@50: 0.0039    map@5: 0.0224    map@10: 0.0256    map@20: 0.0282    map@50: 0.0304    
Thu 07 May 2026 03:17:27 INFO epoch 82 training [time: 2.90s, train loss: 17.1980]
Thu 07 May 2026 03:17:29 INFO epoch 82 evaluating [time: 1.34s, valid_score: 0.064100]
Thu 07 May 2026 03:17:29 INFO valid result: 
recall@5: 0.0407    recall@10: 0.0641    recall@20: 0.0993    recall@50: 0.1721    ndcg@5: 0.0271    ndcg@10: 0.0346    ndcg@20: 0.0436    ndcg@50: 0.0581    precision@5: 0.0085    precision@10: 0.0067    precision@20: 0.0052    precision@50: 0.0036    map@5: 0.0223    map@10: 0.0253    map@20: 0.0277    map@50: 0.0300    
Thu 07 May 2026 03:17:29 INFO test result: 
recall@5: 0.0416    recall@10: 0.0672    recall@20: 0.1047    recall@50: 0.1761    ndcg@5: 0.0272    ndcg@10: 0.0356    ndcg@20: 0.0452    ndcg@50: 0.0596    precision@5: 0.0091    precision@10: 0.0074    precision@20: 0.0058    precision@50: 0.0039    map@5: 0.0219    map@10: 0.0252    map@20: 0.0278    map@50: 0.0300    
Thu 07 May 2026 03:17:32 INFO epoch 83 training [time: 2.88s, train loss: 17.1312]
Thu 07 May 2026 03:17:35 INFO epoch 83 evaluating [time: 1.35s, valid_score: 0.063900]
Thu 07 May 2026 03:17:35 INFO valid result: 
recall@5: 0.0408    recall@10: 0.0639    recall@20: 0.0991    recall@50: 0.1719    ndcg@5: 0.0272    ndcg@10: 0.0347    ndcg@20: 0.0436    ndcg@50: 0.0581    precision@5: 0.0085    precision@10: 0.0067    precision@20: 0.0052    precision@50: 0.0036    map@5: 0.0224    map@10: 0.0254    map@20: 0.0278    map@50: 0.0301    
Thu 07 May 2026 03:17:35 INFO test result: 
recall@5: 0.0420    recall@10: 0.0678    recall@20: 0.1043    recall@50: 0.1751    ndcg@5: 0.0277    ndcg@10: 0.0361    ndcg@20: 0.0455    ndcg@50: 0.0598    precision@5: 0.0092    precision@10: 0.0075    precision@20: 0.0057    precision@50: 0.0039    map@5: 0.0223    map@10: 0.0257    map@20: 0.0282    map@50: 0.0304    
Thu 07 May 2026 03:17:38 INFO epoch 84 training [time: 2.91s, train loss: 17.0692]
Thu 07 May 2026 03:17:41 INFO epoch 84 evaluating [time: 1.36s, valid_score: 0.063500]
Thu 07 May 2026 03:17:41 INFO valid result: 
recall@5: 0.0409    recall@10: 0.0635    recall@20: 0.0991    recall@50: 0.1729    ndcg@5: 0.0273    ndcg@10: 0.0346    ndcg@20: 0.0437    ndcg@50: 0.0584    precision@5: 0.0086    precision@10: 0.0066    precision@20: 0.0052    precision@50: 0.0036    map@5: 0.0226    map@10: 0.0255    map@20: 0.0279    map@50: 0.0302    
Thu 07 May 2026 03:17:41 INFO test result: 
recall@5: 0.0418    recall@10: 0.0673    recall@20: 0.1037    recall@50: 0.1754    ndcg@5: 0.0276    ndcg@10: 0.0359    ndcg@20: 0.0453    ndcg@50: 0.0598    precision@5: 0.0092    precision@10: 0.0074    precision@20: 0.0057    precision@50: 0.0039    map@5: 0.0222    map@10: 0.0256    map@20: 0.0281    map@50: 0.0304    
Thu 07 May 2026 03:17:43 INFO epoch 85 training [time: 2.92s, train loss: 17.0100]
Thu 07 May 2026 03:17:46 INFO epoch 85 evaluating [time: 1.34s, valid_score: 0.064100]
Thu 07 May 2026 03:17:46 INFO valid result: 
recall@5: 0.0405    recall@10: 0.0641    recall@20: 0.0999    recall@50: 0.1736    ndcg@5: 0.0271    ndcg@10: 0.0348    ndcg@20: 0.0439    ndcg@50: 0.0586    precision@5: 0.0085    precision@10: 0.0067    precision@20: 0.0052    precision@50: 0.0037    map@5: 0.0224    map@10: 0.0255    map@20: 0.0280    map@50: 0.0303    
Thu 07 May 2026 03:17:46 INFO test result: 
recall@5: 0.0421    recall@10: 0.0666    recall@20: 0.1039    recall@50: 0.1765    ndcg@5: 0.0275    ndcg@10: 0.0355    ndcg@20: 0.0451    ndcg@50: 0.0598    precision@5: 0.0092    precision@10: 0.0073    precision@20: 0.0057    precision@50: 0.0039    map@5: 0.0220    map@10: 0.0253    map@20: 0.0278    map@50: 0.0301    
Thu 07 May 2026 03:17:49 INFO epoch 86 training [time: 2.87s, train loss: 16.9524]
Thu 07 May 2026 03:17:52 INFO epoch 86 evaluating [time: 1.28s, valid_score: 0.064200]
Thu 07 May 2026 03:17:52 INFO valid result: 
recall@5: 0.0398    recall@10: 0.0642    recall@20: 0.0989    recall@50: 0.1719    ndcg@5: 0.0267    ndcg@10: 0.0346    ndcg@20: 0.0434    ndcg@50: 0.0581    precision@5: 0.0083    precision@10: 0.0067    precision@20: 0.0052    precision@50: 0.0036    map@5: 0.0221    map@10: 0.0253    map@20: 0.0276    map@50: 0.0300    
Thu 07 May 2026 03:17:52 INFO test result: 
recall@5: 0.0417    recall@10: 0.0671    recall@20: 0.1043    recall@50: 0.1763    ndcg@5: 0.0275    ndcg@10: 0.0358    ndcg@20: 0.0454    ndcg@50: 0.0599    precision@5: 0.0091    precision@10: 0.0074    precision@20: 0.0057    precision@50: 0.0039    map@5: 0.0221    map@10: 0.0255    map@20: 0.0280    map@50: 0.0303    
Thu 07 May 2026 03:17:52 INFO +++++Finished training, best eval result in epoch 65
Thu 07 May 2026 03:17:52 INFO best valid result: recall@5: 0.0390    recall@10: 0.0646    recall@20: 0.0983    recall@50: 0.1712    ndcg@5: 0.0262    ndcg@10: 0.0345    ndcg@20: 0.0430    ndcg@50: 0.0576    precision@5: 0.0082    precision@10: 0.0068    precision@20: 0.0052    precision@50: 0.0036    map@5: 0.0217    map@10: 0.0250    map@20: 0.0273    map@50: 0.0296    
Thu 07 May 2026 03:17:52 INFO test result: recall@5: 0.0418    recall@10: 0.0674    recall@20: 0.1036    recall@50: 0.1744    ndcg@5: 0.0274    ndcg@10: 0.0358    ndcg@20: 0.0451    ndcg@50: 0.0595    precision@5: 0.0091    precision@10: 0.0074    precision@20: 0.0057    precision@50: 0.0039    map@5: 0.0221    map@10: 0.0254    map@20: 0.0279    map@50: 0.0302    
Thu 07 May 2026 03:17:52 INFO ████Current BEST████:
Parameters: ['reg_weight', 'learning_rate', 'dropout', 'mask_weight_g', 'align_weight', 'temp', 'seed']=(0.001, 0.0001, 0.5, 0.001, 0.1, 0.2, 999),
Valid: recall@5: 0.0390    recall@10: 0.0646    recall@20: 0.0983    recall@50: 0.1712    ndcg@5: 0.0262    ndcg@10: 0.0345    ndcg@20: 0.0430    ndcg@50: 0.0576    precision@5: 0.0082    precision@10: 0.0068    precision@20: 0.0052    precision@50: 0.0036    map@5: 0.0217    map@10: 0.0250    map@20: 0.0273    map@50: 0.0296    ,
Test: recall@5: 0.0418    recall@10: 0.0674    recall@20: 0.1036    recall@50: 0.1744    ndcg@5: 0.0274    ndcg@10: 0.0358    ndcg@20: 0.0451    ndcg@50: 0.0595    precision@5: 0.0091    precision@10: 0.0074    precision@20: 0.0057    precision@50: 0.0039    map@5: 0.0221    map@10: 0.0254    map@20: 0.0279    map@50: 0.0302    



Thu 07 May 2026 03:17:52 INFO 
============All Over=====================
Thu 07 May 2026 03:17:52 INFO Parameters: ['reg_weight', 'learning_rate', 'dropout', 'mask_weight_g', 'align_weight', 'temp', 'seed']=(0.001, 0.0001, 0.5, 0.001, 0.1, 0.2, 999),
 best valid: recall@5: 0.0390    recall@10: 0.0646    recall@20: 0.0983    recall@50: 0.1712    ndcg@5: 0.0262    ndcg@10: 0.0345    ndcg@20: 0.0430    ndcg@50: 0.0576    precision@5: 0.0082    precision@10: 0.0068    precision@20: 0.0052    precision@50: 0.0036    map@5: 0.0217    map@10: 0.0250    map@20: 0.0273    map@50: 0.0296    ,
 best test: recall@5: 0.0418    recall@10: 0.0674    recall@20: 0.1036    recall@50: 0.1744    ndcg@5: 0.0274    ndcg@10: 0.0358    ndcg@20: 0.0451    ndcg@50: 0.0595    precision@5: 0.0091    precision@10: 0.0074    precision@20: 0.0057    precision@50: 0.0039    map@5: 0.0221    map@10: 0.0254    map@20: 0.0279    map@50: 0.0302    
Thu 07 May 2026 03:17:52 INFO 

█████████████ BEST ████████████████
Thu 07 May 2026 03:17:52 INFO 	Parameters: ['reg_weight', 'learning_rate', 'dropout', 'mask_weight_g', 'align_weight', 'temp', 'seed']=(0.001, 0.0001, 0.5, 0.001, 0.1, 0.2, 999),
Valid: recall@5: 0.0390    recall@10: 0.0646    recall@20: 0.0983    recall@50: 0.1712    ndcg@5: 0.0262    ndcg@10: 0.0345    ndcg@20: 0.0430    ndcg@50: 0.0576    precision@5: 0.0082    precision@10: 0.0068    precision@20: 0.0052    precision@50: 0.0036    map@5: 0.0217    map@10: 0.0250    map@20: 0.0273    map@50: 0.0296    ,
Test: recall@5: 0.0418    recall@10: 0.0674    recall@20: 0.1036    recall@50: 0.1744    ndcg@5: 0.0274    ndcg@10: 0.0358    ndcg@20: 0.0451    ndcg@50: 0.0595    precision@5: 0.0091    precision@10: 0.0074    precision@20: 0.0057    precision@50: 0.0039    map@5: 0.0221    map@10: 0.0254    map@20: 0.0279    map@50: 0.0302    


