Thu 07 May 2026 21:35:04 INFO ██Server: 	ps
Thu 07 May 2026 21:35:04 INFO ██Dir: 	/mnt/sda/XT/MENTOR_Firstpaper/src

Thu 07 May 2026 21:35:04 INFO Start 0-th training!!
Thu 07 May 2026 21:35:05 INFO clothing
The number of users: 39387
Average actions of users: 7.075354812501587
The number of items: 23033
Average actions of items: 12.099031823904832
The number of inters: 278677
The sparsity of the dataset: 99.969281661909%
Thu 07 May 2026 21:35:05 INFO 
====Training====
clothing
The number of users: 39387
Average actions of users: 5.010231802371341
The number of items: 23020
Average actions of items: 8.572458731537793
The number of inters: 197338
The sparsity of the dataset: 99.97823530928596%
Thu 07 May 2026 21:35:05 INFO 
====Validation====
clothing
The number of users: 39387
Average actions of users: 1.0193718739685682
The number of items: 16702
Average actions of items: 2.4039037241048975
The number of inters: 40150
The sparsity of the dataset: 99.99389670773579%
Thu 07 May 2026 21:35:05 INFO 
====Testing====
clothing
The number of users: 39387
Average actions of users: 1.0457511361616778
The number of items: 16803
Average actions of items: 2.451288460393977
The number of inters: 41189
The sparsity of the dataset: 99.99377640221293%
Thu 07 May 2026 21:35:07 INFO 

=================================


Thu 07 May 2026 21:35:07 INFO =========1/1: Parameters:['reg_weight', 'learning_rate', 'dropout', 'mask_weight_g', 'align_weight', 'temp', 'seed']=(0.001, 0.0001, 0.3, 0.001, 0.01, 0.2, 999)=======
Thu 07 May 2026 21:35:16 INFO PA2PD(
  (mlp): Linear(in_features=128, out_features=128, bias=True)
  (image_embedding): Embedding(23033, 4096)
  (image_trs): Linear(in_features=4096, out_features=64, bias=True)
  (text_embedding): Embedding(23033, 384)
  (text_trs): Linear(in_features=384, out_features=64, bias=True)
  (MLP_user): Linear(in_features=128, out_features=64, bias=True)
  (v_gcn): GCN(
    (MLP): Linear(in_features=4096, out_features=256, bias=True)
    (MLP_1): Linear(in_features=256, out_features=64, bias=True)
    (conv_embed_1): Base_gcn(64, 64)
  )
  (v_gcn_n1): GCN(
    (MLP): Linear(in_features=4096, out_features=256, bias=True)
    (MLP_1): Linear(in_features=256, out_features=64, bias=True)
    (conv_embed_1): Base_gcn(64, 64)
  )
  (v_gcn_n2): GCN(
    (MLP): Linear(in_features=4096, out_features=256, bias=True)
    (MLP_1): Linear(in_features=256, out_features=64, bias=True)
    (conv_embed_1): Base_gcn(64, 64)
  )
  (t_gcn): GCN(
    (MLP): Linear(in_features=384, out_features=256, bias=True)
    (MLP_1): Linear(in_features=256, out_features=64, bias=True)
    (conv_embed_1): Base_gcn(64, 64)
  )
  (t_gcn_n1): GCN(
    (MLP): Linear(in_features=384, out_features=256, bias=True)
    (MLP_1): Linear(in_features=256, out_features=64, bias=True)
    (conv_embed_1): Base_gcn(64, 64)
  )
  (t_gcn_n2): GCN(
    (MLP): Linear(in_features=384, out_features=256, bias=True)
    (MLP_1): Linear(in_features=256, out_features=64, bias=True)
    (conv_embed_1): Base_gcn(64, 64)
  )
  (id_gcn): GCN(
    (MLP): Linear(in_features=64, out_features=256, bias=True)
    (MLP_1): Linear(in_features=256, out_features=64, bias=True)
    (conv_embed_1): Base_gcn(64, 64)
  )
  (mlp_1): Linear(in_features=128, out_features=1, bias=True)
)
Trainable parameters: 126317865
Thu 07 May 2026 21:35:40 INFO epoch 0 training [time: 24.09s, train loss: 63.8213]
Thu 07 May 2026 21:35:47 INFO epoch 0 evaluating [time: 3.69s, valid_score: 0.026800]
Thu 07 May 2026 21:35:47 INFO valid result: 
recall@5: 0.0166    recall@10: 0.0268    recall@20: 0.0405    recall@50: 0.0716    ndcg@5: 0.0107    ndcg@10: 0.0140    ndcg@20: 0.0174    ndcg@50: 0.0236    precision@5: 0.0034    precision@10: 0.0027    precision@20: 0.0021    precision@50: 0.0015    map@5: 0.0087    map@10: 0.0101    map@20: 0.0110    map@50: 0.0120    
Thu 07 May 2026 21:35:47 INFO test result: 
recall@5: 0.0156    recall@10: 0.0259    recall@20: 0.0408    recall@50: 0.0723    ndcg@5: 0.0101    ndcg@10: 0.0135    ndcg@20: 0.0172    ndcg@50: 0.0235    precision@5: 0.0033    precision@10: 0.0027    precision@20: 0.0021    precision@50: 0.0015    map@5: 0.0082    map@10: 0.0096    map@20: 0.0106    map@50: 0.0116    
Thu 07 May 2026 21:35:47 INFO ██ PA2PD--Best validation results updated!!!
